{
  "resourceType": "StructureDefinition",
  "id": "cimi-statement-ConditionPresenceStatement-model",
  "text": {
    "status": "generated",
    "div": "<div xmlns=\"http://www.w3.org/1999/xhtml\">\n  <p><b>BC ConditionPresenceStatement Logical Model</b></p>\n  <p>A condition that is or may be present in a subject. &#039;Condition&#039; is interpreted broadly and could be a disorder, abnormality, problem, injury, complaint, functionality, illness, disease, ailment, sickness, affliction, upset, difficulty, disorder, symptom, worry, or trouble.\n\nIn CIMI terms, it is an archetype of ClinicalStatement that combines a ConditionTopic with the ConditionPresenceContext context. The core attributes of ClinicalStatement are not included here because of mapping difficulties to FHIR DomainResource.</p>\n</div>"
  },
  "url": "http://hl7.org/fhir/us/breastcancer/StructureDefinition/cimi-statement-ConditionPresenceStatement-model",
  "identifier": [
    {
      "system": "http://hl7.org/fhir/us/breastcancer",
      "value": "cimi.statement.ConditionPresenceStatement"
    }
  ],
  "name": "ConditionPresenceStatementModel",
  "title": "BC ConditionPresenceStatement Logical Model",
  "status": "draft",
  "date": "2018-05-02",
  "publisher": "The HL7 Cancer Interoperability Group sponsored by Clinical Interoperability Council Work Group (CIC)",
  "contact": [
    {
      "telecom": [
        {
          "system": "url",
          "value": "http://standardhealthrecord.org"
        }
      ]
    }
  ],
  "description": "A condition that is or may be present in a subject. 'Condition' is interpreted broadly and could be a disorder, abnormality, problem, injury, complaint, functionality, illness, disease, ailment, sickness, affliction, upset, difficulty, disorder, symptom, worry, or trouble.\n\nIn CIMI terms, it is an archetype of ClinicalStatement that combines a ConditionTopic with the ConditionPresenceContext context. The core attributes of ClinicalStatement are not included here because of mapping difficulties to FHIR DomainResource.",
  "kind": "logical",
  "abstract": false,
  "type": "cimi-statement-ConditionPresenceStatement-model",
  "baseDefinition": "http://hl7.org/fhir/StructureDefinition/Element",
  "derivation": "specialization",
  "snapshot": {
    "element": [
      {
        "id": "cimi-statement-ConditionPresenceStatement-model",
        "path": "cimi-statement-ConditionPresenceStatement-model",
        "definition": "A condition that is or may be present in a subject. 'Condition' is interpreted broadly and could be a disorder, abnormality, problem, injury, complaint, functionality, illness, disease, ailment, sickness, affliction, upset, difficulty, disorder, symptom, worry, or trouble.\n\nIn CIMI terms, it is an archetype of ClinicalStatement that combines a ConditionTopic with the ConditionPresenceContext context. The core attributes of ClinicalStatement are not included here because of mapping difficulties to FHIR DomainResource.",
        "min": 0,
        "max": "*",
        "base": {
          "path": "cimi-statement-ConditionPresenceStatement-model",
          "min": 0,
          "max": "*"
        },
        "mustSupport": false,
        "isModifier": false,
        "isSummary": false
      },
      {
        "id": "cimi-statement-ConditionPresenceStatement-model.conditionTopic",
        "path": "cimi-statement-ConditionPresenceStatement-model.conditionTopic",
        "code": [
          {
            "system": "http://ncimeta.nci.nih.gov",
            "code": "C0348080"
          }
        ],
        "short": "Representation of a condition, independent of context of being present, absent, risk, expectation etc. 'Condition' is interpreted broadly to include disorder, abnormality, problem, injury, complaint, functionality, concern, illness, disease, ailment, sickness, affliction, upset, difficulty, disorder, symptom, etc.",
        "definition": "Representation of a condition, independent of context of being present, absent, risk, expectation etc. 'Condition' is interpreted broadly to include disorder, abnormality, problem, injury, complaint, functionality, concern, illness, disease, ailment, sickness, affliction, upset, difficulty, disorder, symptom, etc.\n\nThe value set binding of Value is required to map to US-Core. The value set binding of Category is preferred in US-Core.\n\nCIMI Alignment: In CIMI V0.0.4, this class was called ConditionAssertion, but CIMI has recently changed it to ConditionTopic. ConditionAssertion had properties associated with the presence of the condition, including severity, dueTo, diseasePhase, and more. In the current logical model, properties associated with condition occurrence have been moved to ConditionPresenceContext.",
        "alias": [
          "statementTopic"
        ],
        "min": 1,
        "max": "1",
        "base": {
          "path": "cimi-statement-ConditionPresenceStatement-model.conditionTopic",
          "min": 1,
          "max": "1"
        },
        "type": [
          {
            "code": "http://hl7.org/fhir/us/breastcancer/StructureDefinition/cimi-ConditionTopic-model"
          }
        ],
        "mustSupport": false,
        "isModifier": false,
        "isSummary": false
      },
      {
        "id": "cimi-statement-ConditionPresenceStatement-model.conditionPresenceContext",
        "path": "cimi-statement-ConditionPresenceStatement-model.conditionPresenceContext",
        "short": "The context for a condition that is known, suspected, or possibly present.",
        "definition": "The context for a condition that is known, suspected, or possibly present.\n\nCIMI Alignment: In CIMI V0.0.4, this class was called AssertionKnownOrSuspectedPresent. The corresponding CIMI class is ungoing a name change to include the word 'StatementContext' and remove the word 'Assertion'. The presence of terminology bindings (necessary to align with FHIR clinicalStatus, severity, and criticality) means that this class cannot be defined entirely within the CIMI reference model. The constraints could only exist in an archetype derived from the reference model class. The logical model here represents both the class structure and the terminology bindings.",
        "alias": [
          "statementContext"
        ],
        "min": 1,
        "max": "1",
        "base": {
          "path": "cimi-statement-ConditionPresenceStatement-model.conditionPresenceContext",
          "min": 1,
          "max": "1"
        },
        "type": [
          {
            "code": "http://hl7.org/fhir/us/breastcancer/StructureDefinition/cimi-ConditionPresenceContext-model"
          }
        ],
        "mustSupport": false,
        "isModifier": false,
        "isSummary": false
      },
      {
        "id": "cimi-statement-ConditionPresenceStatement-model.encounter",
        "path": "cimi-statement-ConditionPresenceStatement-model.encounter",
        "short": "An abstract class that represents an encounter class. This class has been stubbed out to limit the scope of this implementation guide to classes relevant to this ballot concerning breast cancer.",
        "definition": "An abstract class that represents an encounter class. This class has been stubbed out to limit the scope of this implementation guide to classes relevant to this ballot concerning breast cancer.",
        "min": 0,
        "max": "1",
        "base": {
          "path": "cimi-statement-ConditionPresenceStatement-model.encounter",
          "min": 0,
          "max": "1"
        },
        "type": [
          {
            "code": "http://hl7.org/fhir/us/breastcancer/StructureDefinition/cimi-Encounter-model"
          }
        ],
        "mustSupport": false,
        "isModifier": false,
        "isSummary": false
      },
      {
        "id": "cimi-statement-ConditionPresenceStatement-model.stage",
        "path": "cimi-statement-ConditionPresenceStatement-model.stage",
        "code": [
          {
            "system": "http://ncimeta.nci.nih.gov",
            "code": "C0699749"
          }
        ],
        "short": "The relative advancement in the course of a disease. The value is the summary stage or stage group. StageDetail optionally contains the full staging information.",
        "definition": "The relative advancement in the course of a disease. The value is the summary stage or stage group. StageDetail optionally contains the full staging information.\n\nThis attribute does not have a direct analogy in CIMI V0.0.4 (the closest being ConditionAssertion.diseasePhase), but is included here for consistency with FHIR and because staging is important in the context of breast cancer and cancer in general.",
        "min": 0,
        "max": "1",
        "base": {
          "path": "cimi-statement-ConditionPresenceStatement-model.stage",
          "min": 0,
          "max": "1"
        },
        "type": [
          {
            "code": "http://hl7.org/fhir/us/breastcancer/StructureDefinition/cimi-statement-Stage-model"
          }
        ],
        "mustSupport": false,
        "isModifier": false,
        "isSummary": false
      }
    ]
  },
  "differential": {
    "element": [
      {
        "id": "cimi-statement-ConditionPresenceStatement-model",
        "path": "cimi-statement-ConditionPresenceStatement-model",
        "definition": "A condition that is or may be present in a subject. 'Condition' is interpreted broadly and could be a disorder, abnormality, problem, injury, complaint, functionality, illness, disease, ailment, sickness, affliction, upset, difficulty, disorder, symptom, worry, or trouble.\n\nIn CIMI terms, it is an archetype of ClinicalStatement that combines a ConditionTopic with the ConditionPresenceContext context. The core attributes of ClinicalStatement are not included here because of mapping difficulties to FHIR DomainResource.",
        "min": 0,
        "max": "*",
        "base": {
          "path": "cimi-statement-ConditionPresenceStatement-model",
          "min": 0,
          "max": "*"
        },
        "mustSupport": false,
        "isModifier": false,
        "isSummary": false
      },
      {
        "id": "cimi-statement-ConditionPresenceStatement-model.conditionTopic",
        "path": "cimi-statement-ConditionPresenceStatement-model.conditionTopic",
        "code": [
          {
            "system": "http://ncimeta.nci.nih.gov",
            "code": "C0348080"
          }
        ],
        "short": "Representation of a condition, independent of context of being present, absent, risk, expectation etc. 'Condition' is interpreted broadly to include disorder, abnormality, problem, injury, complaint, functionality, concern, illness, disease, ailment, sickness, affliction, upset, difficulty, disorder, symptom, etc.",
        "definition": "Representation of a condition, independent of context of being present, absent, risk, expectation etc. 'Condition' is interpreted broadly to include disorder, abnormality, problem, injury, complaint, functionality, concern, illness, disease, ailment, sickness, affliction, upset, difficulty, disorder, symptom, etc.\n\nThe value set binding of Value is required to map to US-Core. The value set binding of Category is preferred in US-Core.\n\nCIMI Alignment: In CIMI V0.0.4, this class was called ConditionAssertion, but CIMI has recently changed it to ConditionTopic. ConditionAssertion had properties associated with the presence of the condition, including severity, dueTo, diseasePhase, and more. In the current logical model, properties associated with condition occurrence have been moved to ConditionPresenceContext.",
        "alias": [
          "statementTopic"
        ],
        "min": 1,
        "max": "1",
        "base": {
          "path": "cimi-statement-ConditionPresenceStatement-model.conditionTopic",
          "min": 1,
          "max": "1"
        },
        "type": [
          {
            "code": "http://hl7.org/fhir/us/breastcancer/StructureDefinition/cimi-ConditionTopic-model"
          }
        ],
        "mustSupport": false,
        "isModifier": false,
        "isSummary": false
      },
      {
        "id": "cimi-statement-ConditionPresenceStatement-model.conditionPresenceContext",
        "path": "cimi-statement-ConditionPresenceStatement-model.conditionPresenceContext",
        "short": "The context for a condition that is known, suspected, or possibly present.",
        "definition": "The context for a condition that is known, suspected, or possibly present.\n\nCIMI Alignment: In CIMI V0.0.4, this class was called AssertionKnownOrSuspectedPresent. The corresponding CIMI class is ungoing a name change to include the word 'StatementContext' and remove the word 'Assertion'. The presence of terminology bindings (necessary to align with FHIR clinicalStatus, severity, and criticality) means that this class cannot be defined entirely within the CIMI reference model. The constraints could only exist in an archetype derived from the reference model class. The logical model here represents both the class structure and the terminology bindings.",
        "alias": [
          "statementContext"
        ],
        "min": 1,
        "max": "1",
        "base": {
          "path": "cimi-statement-ConditionPresenceStatement-model.conditionPresenceContext",
          "min": 1,
          "max": "1"
        },
        "type": [
          {
            "code": "http://hl7.org/fhir/us/breastcancer/StructureDefinition/cimi-ConditionPresenceContext-model"
          }
        ],
        "mustSupport": false,
        "isModifier": false,
        "isSummary": false
      },
      {
        "id": "cimi-statement-ConditionPresenceStatement-model.encounter",
        "path": "cimi-statement-ConditionPresenceStatement-model.encounter",
        "short": "An abstract class that represents an encounter class. This class has been stubbed out to limit the scope of this implementation guide to classes relevant to this ballot concerning breast cancer.",
        "definition": "An abstract class that represents an encounter class. This class has been stubbed out to limit the scope of this implementation guide to classes relevant to this ballot concerning breast cancer.",
        "min": 0,
        "max": "1",
        "base": {
          "path": "cimi-statement-ConditionPresenceStatement-model.encounter",
          "min": 0,
          "max": "1"
        },
        "type": [
          {
            "code": "http://hl7.org/fhir/us/breastcancer/StructureDefinition/cimi-Encounter-model"
          }
        ],
        "mustSupport": false,
        "isModifier": false,
        "isSummary": false
      },
      {
        "id": "cimi-statement-ConditionPresenceStatement-model.stage",
        "path": "cimi-statement-ConditionPresenceStatement-model.stage",
        "code": [
          {
            "system": "http://ncimeta.nci.nih.gov",
            "code": "C0699749"
          }
        ],
        "short": "The relative advancement in the course of a disease. The value is the summary stage or stage group. StageDetail optionally contains the full staging information.",
        "definition": "The relative advancement in the course of a disease. The value is the summary stage or stage group. StageDetail optionally contains the full staging information.\n\nThis attribute does not have a direct analogy in CIMI V0.0.4 (the closest being ConditionAssertion.diseasePhase), but is included here for consistency with FHIR and because staging is important in the context of breast cancer and cancer in general.",
        "min": 0,
        "max": "1",
        "base": {
          "path": "cimi-statement-ConditionPresenceStatement-model.stage",
          "min": 0,
          "max": "1"
        },
        "type": [
          {
            "code": "http://hl7.org/fhir/us/breastcancer/StructureDefinition/cimi-statement-Stage-model"
          }
        ],
        "mustSupport": false,
        "isModifier": false,
        "isSummary": false
      }
    ]
  }
}