{
  "resourceType": "StructureDefinition",
  "id": "cimi-AssertionTopic-model",
  "text": {
    "status": "generated",
    "div": "<div xmlns=\"http://www.w3.org/1999/xhtml\">\n  <p><b>BC AssertionTopic Logical Model</b></p>\n  <p>The base topic for conditions, allergies, adverse events, etc. These are things that are asserted to exist or not. The Value is interpreted in the context of the class; for an AdverseSensitivityToSubstance, the value is the substance; for a ConditionPresenceStatement, the Value represents the type of condition found.\n\nCIMI Alignment: In CIMI V0.0.4, this class was called Assertion, but CIMI recently decided to change the name to AssertionTopic, as anticipated here. In CIMI V0.0.4, Assertion defines three attributes: dateAsserted, verificationStatus, and findingMethod. VerificationStatus more properly only applies in the PresenceContext context, and can be found there. FindingMethod more properly belongs in FindingTopic, and can be found there.</p>\n</div>"
  },
  "url": "http://hl7.org/fhir/us/breastcancer/StructureDefinition/cimi-AssertionTopic-model",
  "identifier": [
    {
      "system": "http://hl7.org/fhir/us/breastcancer",
      "value": "cimi.AssertionTopic"
    }
  ],
  "name": "AssertionTopicModel",
  "title": "BC AssertionTopic Logical Model",
  "status": "draft",
  "date": "2018-05-02",
  "publisher": "The HL7 Cancer Interoperability Group sponsored by Clinical Interoperability Council Work Group (CIC)",
  "contact": [
    {
      "telecom": [
        {
          "system": "url",
          "value": "http://standardhealthrecord.org"
        }
      ]
    }
  ],
  "description": "The base topic for conditions, allergies, adverse events, etc. These are things that are asserted to exist or not. The Value is interpreted in the context of the class; for an AdverseSensitivityToSubstance, the value is the substance; for a ConditionPresenceStatement, the Value represents the type of condition found.\n\nCIMI Alignment: In CIMI V0.0.4, this class was called Assertion, but CIMI recently decided to change the name to AssertionTopic, as anticipated here. In CIMI V0.0.4, Assertion defines three attributes: dateAsserted, verificationStatus, and findingMethod. VerificationStatus more properly only applies in the PresenceContext context, and can be found there. FindingMethod more properly belongs in FindingTopic, and can be found there.",
  "kind": "logical",
  "abstract": false,
  "type": "cimi-AssertionTopic-model",
  "baseDefinition": "http://hl7.org/fhir/StructureDefinition/Element",
  "derivation": "specialization",
  "snapshot": {
    "element": [
      {
        "id": "cimi-AssertionTopic-model",
        "path": "cimi-AssertionTopic-model",
        "definition": "The base topic for conditions, allergies, adverse events, etc. These are things that are asserted to exist or not. The Value is interpreted in the context of the class; for an AdverseSensitivityToSubstance, the value is the substance; for a ConditionPresenceStatement, the Value represents the type of condition found.\n\nCIMI Alignment: In CIMI V0.0.4, this class was called Assertion, but CIMI recently decided to change the name to AssertionTopic, as anticipated here. In CIMI V0.0.4, Assertion defines three attributes: dateAsserted, verificationStatus, and findingMethod. VerificationStatus more properly only applies in the PresenceContext context, and can be found there. FindingMethod more properly belongs in FindingTopic, and can be found there.",
        "min": 0,
        "max": "*",
        "base": {
          "path": "cimi-AssertionTopic-model",
          "min": 0,
          "max": "*"
        },
        "mustSupport": false,
        "isModifier": false,
        "isSummary": false
      },
      {
        "id": "cimi-AssertionTopic-model.value",
        "path": "cimi-AssertionTopic-model.value",
        "short": "Code representing the base topic for conditions, allergies, adverse events, etc. These are things that are asserted to exist or not. The Value is interpreted in the context of the class; for an AdverseSensitivityToSubstance, the value is the substance; for a ConditionPresenceStatement, the Value represents the type of condition found.",
        "definition": "Code representing the base topic for conditions, allergies, adverse events, etc. These are things that are asserted to exist or not. The Value is interpreted in the context of the class; for an AdverseSensitivityToSubstance, the value is the substance; for a ConditionPresenceStatement, the Value represents the type of condition found.\n\nCIMI Alignment: In CIMI V0.0.4, this class was called Assertion, but CIMI recently decided to change the name to AssertionTopic, as anticipated here. In CIMI V0.0.4, Assertion defines three attributes: dateAsserted, verificationStatus, and findingMethod. VerificationStatus more properly only applies in the PresenceContext context, and can be found there. FindingMethod more properly belongs in FindingTopic, and can be found there.",
        "alias": [
          "codeableConcept"
        ],
        "min": 0,
        "max": "1",
        "base": {
          "path": "cimi-AssertionTopic-model.value",
          "min": 0,
          "max": "1"
        },
        "type": [
          {
            "code": "Coding"
          }
        ],
        "mustSupport": false,
        "isModifier": false,
        "isSummary": false
      },
      {
        "id": "cimi-AssertionTopic-model.topicCode",
        "path": "cimi-AssertionTopic-model.topicCode",
        "short": "The concept representing the finding or action that is the topic of the statement.",
        "definition": "The concept representing the finding or action that is the topic of the statement.\n\nFor action topics, the TopicCode represents the action being described. For findings, the TopicCode represents the 'question' or property being investigated. For evaluation result findings, the TopicCode contains a concept for an observable entity, such as systolic blood pressure. For assertion findings, the TopicCode contains a code representing the condition, allergy, or other item being asserted. In all cases, the TopicCode describes the topic independent of the context of the action or the finding.\n\nCIMI Alignment: TopicCode is the new CIMI name for the attribute formerly called 'key' in CIMI V0.0.4.",
        "min": 1,
        "max": "1",
        "base": {
          "path": "cimi-AssertionTopic-model.topicCode",
          "min": 1,
          "max": "1"
        },
        "type": [
          {
            "code": "http://hl7.org/fhir/us/breastcancer/StructureDefinition/cimi-TopicCode-model"
          }
        ],
        "mustSupport": false,
        "isModifier": false,
        "isSummary": false
      },
      {
        "id": "cimi-AssertionTopic-model.findingMethod",
        "path": "cimi-AssertionTopic-model.findingMethod",
        "short": "The technique used to create the finding; for example, the specific imaging technique, lab test code, or assessment vehicle.",
        "definition": "The technique used to create the finding; for example, the specific imaging technique, lab test code, or assessment vehicle.\n\nCIMI Alignment: In CIMI V0.0.4, this attribute was called 'method'. The value set binding reflects CIMI's preference for LOINC codes.",
        "min": 0,
        "max": "1",
        "base": {
          "path": "cimi-AssertionTopic-model.findingMethod",
          "min": 0,
          "max": "1"
        },
        "type": [
          {
            "code": "http://hl7.org/fhir/us/breastcancer/StructureDefinition/cimi-FindingMethod-model"
          }
        ],
        "mustSupport": false,
        "isModifier": false,
        "isSummary": false
      },
      {
        "id": "cimi-AssertionTopic-model.interpretation",
        "path": "cimi-AssertionTopic-model.interpretation",
        "code": [
          {
            "system": "http://ncimeta.nci.nih.gov",
            "code": "C0420833"
          }
        ],
        "short": "A clinical interpretation of a finding.",
        "definition": "A clinical interpretation of a finding.\n\nCIMI Alignment: The value set binding has been chosen to align with FHIR. (Note: it is not clear if Interpretation belongs in FindingTopic, rather than a context class, but that is how CIMI has modeled it.)",
        "min": 0,
        "max": "1",
        "base": {
          "path": "cimi-AssertionTopic-model.interpretation",
          "min": 0,
          "max": "1"
        },
        "type": [
          {
            "code": "http://hl7.org/fhir/us/breastcancer/StructureDefinition/cimi-Interpretation-model"
          }
        ],
        "mustSupport": false,
        "isModifier": false,
        "isSummary": false
      }
    ]
  },
  "differential": {
    "element": [
      {
        "id": "cimi-AssertionTopic-model",
        "path": "cimi-AssertionTopic-model",
        "definition": "The base topic for conditions, allergies, adverse events, etc. These are things that are asserted to exist or not. The Value is interpreted in the context of the class; for an AdverseSensitivityToSubstance, the value is the substance; for a ConditionPresenceStatement, the Value represents the type of condition found.\n\nCIMI Alignment: In CIMI V0.0.4, this class was called Assertion, but CIMI recently decided to change the name to AssertionTopic, as anticipated here. In CIMI V0.0.4, Assertion defines three attributes: dateAsserted, verificationStatus, and findingMethod. VerificationStatus more properly only applies in the PresenceContext context, and can be found there. FindingMethod more properly belongs in FindingTopic, and can be found there.",
        "min": 0,
        "max": "*",
        "base": {
          "path": "cimi-AssertionTopic-model",
          "min": 0,
          "max": "*"
        },
        "mustSupport": false,
        "isModifier": false,
        "isSummary": false
      },
      {
        "id": "cimi-AssertionTopic-model.value",
        "path": "cimi-AssertionTopic-model.value",
        "short": "Code representing the base topic for conditions, allergies, adverse events, etc. These are things that are asserted to exist or not. The Value is interpreted in the context of the class; for an AdverseSensitivityToSubstance, the value is the substance; for a ConditionPresenceStatement, the Value represents the type of condition found.",
        "definition": "Code representing the base topic for conditions, allergies, adverse events, etc. These are things that are asserted to exist or not. The Value is interpreted in the context of the class; for an AdverseSensitivityToSubstance, the value is the substance; for a ConditionPresenceStatement, the Value represents the type of condition found.\n\nCIMI Alignment: In CIMI V0.0.4, this class was called Assertion, but CIMI recently decided to change the name to AssertionTopic, as anticipated here. In CIMI V0.0.4, Assertion defines three attributes: dateAsserted, verificationStatus, and findingMethod. VerificationStatus more properly only applies in the PresenceContext context, and can be found there. FindingMethod more properly belongs in FindingTopic, and can be found there.",
        "alias": [
          "codeableConcept"
        ],
        "min": 0,
        "max": "1",
        "base": {
          "path": "cimi-AssertionTopic-model.value",
          "min": 0,
          "max": "1"
        },
        "type": [
          {
            "code": "Coding"
          }
        ],
        "mustSupport": false,
        "isModifier": false,
        "isSummary": false
      },
      {
        "id": "cimi-AssertionTopic-model.topicCode",
        "path": "cimi-AssertionTopic-model.topicCode",
        "short": "The concept representing the finding or action that is the topic of the statement.",
        "definition": "The concept representing the finding or action that is the topic of the statement.\n\nFor action topics, the TopicCode represents the action being described. For findings, the TopicCode represents the 'question' or property being investigated. For evaluation result findings, the TopicCode contains a concept for an observable entity, such as systolic blood pressure. For assertion findings, the TopicCode contains a code representing the condition, allergy, or other item being asserted. In all cases, the TopicCode describes the topic independent of the context of the action or the finding.\n\nCIMI Alignment: TopicCode is the new CIMI name for the attribute formerly called 'key' in CIMI V0.0.4.",
        "min": 1,
        "max": "1",
        "base": {
          "path": "cimi-AssertionTopic-model.topicCode",
          "min": 1,
          "max": "1"
        },
        "type": [
          {
            "code": "http://hl7.org/fhir/us/breastcancer/StructureDefinition/cimi-TopicCode-model"
          }
        ],
        "mustSupport": false,
        "isModifier": false,
        "isSummary": false
      },
      {
        "id": "cimi-AssertionTopic-model.findingMethod",
        "path": "cimi-AssertionTopic-model.findingMethod",
        "short": "The technique used to create the finding; for example, the specific imaging technique, lab test code, or assessment vehicle.",
        "definition": "The technique used to create the finding; for example, the specific imaging technique, lab test code, or assessment vehicle.\n\nCIMI Alignment: In CIMI V0.0.4, this attribute was called 'method'. The value set binding reflects CIMI's preference for LOINC codes.",
        "min": 0,
        "max": "1",
        "base": {
          "path": "cimi-AssertionTopic-model.findingMethod",
          "min": 0,
          "max": "1"
        },
        "type": [
          {
            "code": "http://hl7.org/fhir/us/breastcancer/StructureDefinition/cimi-FindingMethod-model"
          }
        ],
        "mustSupport": false,
        "isModifier": false,
        "isSummary": false
      },
      {
        "id": "cimi-AssertionTopic-model.interpretation",
        "path": "cimi-AssertionTopic-model.interpretation",
        "code": [
          {
            "system": "http://ncimeta.nci.nih.gov",
            "code": "C0420833"
          }
        ],
        "short": "A clinical interpretation of a finding.",
        "definition": "A clinical interpretation of a finding.\n\nCIMI Alignment: The value set binding has been chosen to align with FHIR. (Note: it is not clear if Interpretation belongs in FindingTopic, rather than a context class, but that is how CIMI has modeled it.)",
        "min": 0,
        "max": "1",
        "base": {
          "path": "cimi-AssertionTopic-model.interpretation",
          "min": 0,
          "max": "1"
        },
        "type": [
          {
            "code": "http://hl7.org/fhir/us/breastcancer/StructureDefinition/cimi-Interpretation-model"
          }
        ],
        "mustSupport": false,
        "isModifier": false,
        "isSummary": false
      }
    ]
  }
}