{
  "resourceType": "StructureDefinition",
  "id": "cimi-Certainty-model",
  "text": {
    "status": "generated",
    "div": "<div xmlns=\"http://www.w3.org/1999/xhtml\">\n  <p><b>BC Certainty Logical Model</b></p>\n  <p>The degree of confidence in a conclusion or assertion.\n\nCIMI Alignment: This attribute aligns with KnownOrSuspectedPresent.certainty in CIMI V0.0.4, but with the recent realignment of CIMI classes, this attribute is attached to the correct class, PresenceContext.</p>\n</div>"
  },
  "url": "http://hl7.org/fhir/us/breastcancer/StructureDefinition/cimi-Certainty-model",
  "identifier": [
    {
      "system": "http://hl7.org/fhir/us/breastcancer",
      "value": "cimi.Certainty"
    }
  ],
  "name": "CertaintyModel",
  "title": "BC Certainty Logical Model",
  "status": "draft",
  "date": "2018-05-02",
  "publisher": "The HL7 Cancer Interoperability Group sponsored by Clinical Interoperability Council Work Group (CIC)",
  "contact": [
    {
      "telecom": [
        {
          "system": "url",
          "value": "http://standardhealthrecord.org"
        }
      ]
    }
  ],
  "description": "The degree of confidence in a conclusion or assertion.\n\nCIMI Alignment: This attribute aligns with KnownOrSuspectedPresent.certainty in CIMI V0.0.4, but with the recent realignment of CIMI classes, this attribute is attached to the correct class, PresenceContext.",
  "kind": "logical",
  "abstract": false,
  "type": "cimi-Certainty-model",
  "baseDefinition": "http://hl7.org/fhir/StructureDefinition/Element",
  "derivation": "specialization",
  "snapshot": {
    "element": [
      {
        "id": "cimi-Certainty-model",
        "path": "cimi-Certainty-model",
        "definition": "The degree of confidence in a conclusion or assertion.\n\nCIMI Alignment: This attribute aligns with KnownOrSuspectedPresent.certainty in CIMI V0.0.4, but with the recent realignment of CIMI classes, this attribute is attached to the correct class, PresenceContext.",
        "min": 0,
        "max": "*",
        "base": {
          "path": "cimi-Certainty-model",
          "min": 0,
          "max": "*"
        },
        "mustSupport": false,
        "isModifier": false,
        "isSummary": false
      },
      {
        "id": "cimi-Certainty-model.value",
        "path": "cimi-Certainty-model.value",
        "short": "Code representing the degree of confidence in a conclusion or assertion.",
        "definition": "Code representing the degree of confidence in a conclusion or assertion.\n\nCIMI Alignment: This attribute aligns with KnownOrSuspectedPresent.certainty in CIMI V0.0.4, but with the recent realignment of CIMI classes, this attribute is attached to the correct class, PresenceContext.",
        "alias": [
          "codeableConcept"
        ],
        "min": 1,
        "max": "1",
        "base": {
          "path": "cimi-Certainty-model.value",
          "min": 1,
          "max": "1"
        },
        "type": [
          {
            "code": "Coding"
          }
        ],
        "mustSupport": false,
        "isModifier": false,
        "isSummary": false
      }
    ]
  },
  "differential": {
    "element": [
      {
        "id": "cimi-Certainty-model",
        "path": "cimi-Certainty-model",
        "definition": "The degree of confidence in a conclusion or assertion.\n\nCIMI Alignment: This attribute aligns with KnownOrSuspectedPresent.certainty in CIMI V0.0.4, but with the recent realignment of CIMI classes, this attribute is attached to the correct class, PresenceContext.",
        "min": 0,
        "max": "*",
        "base": {
          "path": "cimi-Certainty-model",
          "min": 0,
          "max": "*"
        },
        "mustSupport": false,
        "isModifier": false,
        "isSummary": false
      },
      {
        "id": "cimi-Certainty-model.value",
        "path": "cimi-Certainty-model.value",
        "short": "Code representing the degree of confidence in a conclusion or assertion.",
        "definition": "Code representing the degree of confidence in a conclusion or assertion.\n\nCIMI Alignment: This attribute aligns with KnownOrSuspectedPresent.certainty in CIMI V0.0.4, but with the recent realignment of CIMI classes, this attribute is attached to the correct class, PresenceContext.",
        "alias": [
          "codeableConcept"
        ],
        "min": 1,
        "max": "1",
        "base": {
          "path": "cimi-Certainty-model.value",
          "min": 1,
          "max": "1"
        },
        "type": [
          {
            "code": "Coding"
          }
        ],
        "mustSupport": false,
        "isModifier": false,
        "isSummary": false
      }
    ]
  }
}