{
  "resourceType": "StructureDefinition",
  "id": "cimi-Criticality-model",
  "text": {
    "status": "generated",
    "div": "<div xmlns=\"http://www.w3.org/1999/xhtml\">\n  <p><b>BC Criticality Logical Model</b></p>\n  <p>The potential clinical harm associated with a condition. When the worst case result is assessed to have a life-threatening or organ system threatening potential, it is considered to be of high criticality.</p>\n</div>"
  },
  "url": "http://hl7.org/fhir/us/breastcancer/StructureDefinition/cimi-Criticality-model",
  "identifier": [
    {
      "system": "http://hl7.org/fhir/us/breastcancer",
      "value": "cimi.Criticality"
    }
  ],
  "name": "CriticalityModel",
  "title": "BC Criticality Logical Model",
  "status": "draft",
  "date": "2018-05-02",
  "publisher": "The HL7 Cancer Interoperability Group sponsored by Clinical Interoperability Council Work Group (CIC)",
  "contact": [
    {
      "telecom": [
        {
          "system": "url",
          "value": "http://standardhealthrecord.org"
        }
      ]
    }
  ],
  "description": "The potential clinical harm associated with a condition. When the worst case result is assessed to have a life-threatening or organ system threatening potential, it is considered to be of high criticality.",
  "keyword": [
    {
      "system": "http://ncimeta.nci.nih.gov",
      "code": "C3858539",
      "display": "Criticality"
    }
  ],
  "kind": "logical",
  "abstract": false,
  "type": "cimi-Criticality-model",
  "baseDefinition": "http://hl7.org/fhir/StructureDefinition/Element",
  "derivation": "specialization",
  "snapshot": {
    "element": [
      {
        "id": "cimi-Criticality-model",
        "path": "cimi-Criticality-model",
        "definition": "The potential clinical harm associated with a condition. When the worst case result is assessed to have a life-threatening or organ system threatening potential, it is considered to be of high criticality.",
        "min": 0,
        "max": "*",
        "base": {
          "path": "cimi-Criticality-model",
          "min": 0,
          "max": "*"
        },
        "mustSupport": false,
        "isModifier": false,
        "isSummary": false
      },
      {
        "id": "cimi-Criticality-model.value",
        "path": "cimi-Criticality-model.value",
        "short": "Code representing the potential clinical harm associated with a condition. When the worst case result is assessed to have a life-threatening or organ system threatening potential, it is considered to be of high criticality.",
        "definition": "Code representing the potential clinical harm associated with a condition. When the worst case result is assessed to have a life-threatening or organ system threatening potential, it is considered to be of high criticality.",
        "alias": [
          "code"
        ],
        "min": 1,
        "max": "1",
        "base": {
          "path": "cimi-Criticality-model.value",
          "min": 1,
          "max": "1"
        },
        "type": [
          {
            "code": "code"
          }
        ],
        "mustSupport": false,
        "isModifier": false,
        "isSummary": false
      }
    ]
  },
  "differential": {
    "element": [
      {
        "id": "cimi-Criticality-model",
        "path": "cimi-Criticality-model",
        "definition": "The potential clinical harm associated with a condition. When the worst case result is assessed to have a life-threatening or organ system threatening potential, it is considered to be of high criticality.",
        "min": 0,
        "max": "*",
        "base": {
          "path": "cimi-Criticality-model",
          "min": 0,
          "max": "*"
        },
        "mustSupport": false,
        "isModifier": false,
        "isSummary": false
      },
      {
        "id": "cimi-Criticality-model.value",
        "path": "cimi-Criticality-model.value",
        "short": "Code representing the potential clinical harm associated with a condition. When the worst case result is assessed to have a life-threatening or organ system threatening potential, it is considered to be of high criticality.",
        "definition": "Code representing the potential clinical harm associated with a condition. When the worst case result is assessed to have a life-threatening or organ system threatening potential, it is considered to be of high criticality.",
        "alias": [
          "code"
        ],
        "min": 1,
        "max": "1",
        "base": {
          "path": "cimi-Criticality-model.value",
          "min": 1,
          "max": "1"
        },
        "type": [
          {
            "code": "code"
          }
        ],
        "mustSupport": false,
        "isModifier": false,
        "isSummary": false
      }
    ]
  }
}