{
  "resourceType": "StructureDefinition",
  "id": "cimi-ClinicalStatement-model",
  "text": {
    "status": "generated",
    "div": "<div xmlns=\"http://www.w3.org/1999/xhtml\">\n  <p><b>BC ClinicalStatement Logical Model</b></p>\n  <p>A special type of information entry consisting of a topic and a context.\n\nThe ClinicalStatement class provides the core pattern for more specific clinical statement classes, such as a statement that a finding has been found in a patient or that a procedure has been proposed by a clinical decision support system. The ClinicalStatement pattern defines the core attributes common to most clinical statements and specifies a composition pattern that encourage model component reuse and better alignment with the SNOMED CT Concept Model. A clinical statement is composed of the StatementTopic class (grouping of attributes for capturing information about a procedure or a clinical finding) and the StatementContext class (grouping of attributes providing the context for the statement topic such as whether a procedure was performed, requested, not performed or whether a finding is suspected present or absent in the patient). At the archetype level, the topic and context components are coordinated to form the clinical statement. For instance, the composition of the ProcedureTopic with the NotPerformed context indicates that the given procedure was not performed.</p>\n</div>"
  },
  "url": "http://hl7.org/fhir/us/breastcancer/StructureDefinition/cimi-ClinicalStatement-model",
  "identifier": [
    {
      "system": "http://hl7.org/fhir/us/breastcancer",
      "value": "cimi.ClinicalStatement"
    }
  ],
  "name": "ClinicalStatementModel",
  "title": "BC ClinicalStatement Logical Model",
  "status": "draft",
  "date": "2018-05-02",
  "publisher": "The HL7 Cancer Interoperability Group sponsored by Clinical Interoperability Council Work Group (CIC)",
  "contact": [
    {
      "telecom": [
        {
          "system": "url",
          "value": "http://standardhealthrecord.org"
        }
      ]
    }
  ],
  "description": "A special type of information entry consisting of a topic and a context.\n\nThe ClinicalStatement class provides the core pattern for more specific clinical statement classes, such as a statement that a finding has been found in a patient or that a procedure has been proposed by a clinical decision support system. The ClinicalStatement pattern defines the core attributes common to most clinical statements and specifies a composition pattern that encourage model component reuse and better alignment with the SNOMED CT Concept Model. A clinical statement is composed of the StatementTopic class (grouping of attributes for capturing information about a procedure or a clinical finding) and the StatementContext class (grouping of attributes providing the context for the statement topic such as whether a procedure was performed, requested, not performed or whether a finding is suspected present or absent in the patient). At the archetype level, the topic and context components are coordinated to form the clinical statement. For instance, the composition of the ProcedureTopic with the NotPerformed context indicates that the given procedure was not performed.",
  "kind": "logical",
  "abstract": false,
  "type": "cimi-ClinicalStatement-model",
  "baseDefinition": "http://hl7.org/fhir/StructureDefinition/Element",
  "derivation": "specialization",
  "snapshot": {
    "element": [
      {
        "id": "cimi-ClinicalStatement-model",
        "path": "cimi-ClinicalStatement-model",
        "definition": "A special type of information entry consisting of a topic and a context.\n\nThe ClinicalStatement class provides the core pattern for more specific clinical statement classes, such as a statement that a finding has been found in a patient or that a procedure has been proposed by a clinical decision support system. The ClinicalStatement pattern defines the core attributes common to most clinical statements and specifies a composition pattern that encourage model component reuse and better alignment with the SNOMED CT Concept Model. A clinical statement is composed of the StatementTopic class (grouping of attributes for capturing information about a procedure or a clinical finding) and the StatementContext class (grouping of attributes providing the context for the statement topic such as whether a procedure was performed, requested, not performed or whether a finding is suspected present or absent in the patient). At the archetype level, the topic and context components are coordinated to form the clinical statement. For instance, the composition of the ProcedureTopic with the NotPerformed context indicates that the given procedure was not performed.",
        "min": 0,
        "max": "*",
        "base": {
          "path": "cimi-ClinicalStatement-model",
          "min": 0,
          "max": "*"
        },
        "mustSupport": false,
        "isModifier": false,
        "isSummary": false
      },
      {
        "id": "cimi-ClinicalStatement-model.statementTopic",
        "path": "cimi-ClinicalStatement-model.statementTopic",
        "short": "Compositional and reusable grouping of clinical statement attributes that make up the clinical focus of a statement.",
        "definition": "Compositional and reusable grouping of clinical statement attributes that make up the clinical focus of a statement.\n\nStatementTopic class attributes are aligned with SNOMED CT Concept Model attributes when such an overlap exists. Note that this class does not include contextual attributes such as the nature of the action (ordered, proposed, planned, etc...), the nature of the patient state being described (e.g., present, suspected present, absent), and the attribution of this information (the who, when, where, how, why of the information recorded).\n\nCIMI Alignment: StatementTopic had an attribute called 'key' in CIMI V0.0.4, but CIMI is renaming it 'TopicCode', as represented here.",
        "min": 1,
        "max": "1",
        "base": {
          "path": "cimi-ClinicalStatement-model.statementTopic",
          "min": 1,
          "max": "1"
        },
        "type": [
          {
            "code": "http://hl7.org/fhir/us/breastcancer/StructureDefinition/cimi-StatementTopic-model"
          }
        ],
        "mustSupport": false,
        "isModifier": false,
        "isSummary": false
      },
      {
        "id": "cimi-ClinicalStatement-model.statementContext",
        "path": "cimi-ClinicalStatement-model.statementContext",
        "short": "Compositional and reusable grouping of clinical statement attributes that provides the context for the topic of a clinical statement.",
        "definition": "Compositional and reusable grouping of clinical statement attributes that provides the context for the topic of a clinical statement.\n\nThe StatementContext class aligns with the SNOMED CT Situations with Explicit Context (SWEC) Concept Model. The StatementContext provides the expressivity required to specify that an act was performed or not performed or that a finding was asserted to be present or absent for the given subject of information. It also often holds provenance information relevant to the context of the clinical statement. It is important to note that by default the context applies to the conjunction of the attribute specified in the statement. For instance, if a clinical statement has a topic describing a rash on left arm and a context of 'absent', then the statement states that the subject of interest did not have a rash on the left arm but might have had one on the right arm.\n\nCIMI Alignment: ContextCode is the new CIMI name for the attribute formerly called 'type' in CIMI V0.0.4. The attribute 'temporalContext' that appeared in CIMI V0.0.4 is no longer part of CIMI.",
        "min": 1,
        "max": "1",
        "base": {
          "path": "cimi-ClinicalStatement-model.statementContext",
          "min": 1,
          "max": "1"
        },
        "type": [
          {
            "code": "http://hl7.org/fhir/us/breastcancer/StructureDefinition/cimi-StatementContext-model"
          }
        ],
        "mustSupport": false,
        "isModifier": false,
        "isSummary": false
      },
      {
        "id": "cimi-ClinicalStatement-model.encounter",
        "path": "cimi-ClinicalStatement-model.encounter",
        "short": "An abstract class that represents an encounter class. This class has been stubbed out to limit the scope of this implementation guide to classes relevant to this ballot concerning breast cancer.",
        "definition": "An abstract class that represents an encounter class. This class has been stubbed out to limit the scope of this implementation guide to classes relevant to this ballot concerning breast cancer.",
        "min": 0,
        "max": "1",
        "base": {
          "path": "cimi-ClinicalStatement-model.encounter",
          "min": 0,
          "max": "1"
        },
        "type": [
          {
            "code": "http://hl7.org/fhir/us/breastcancer/StructureDefinition/cimi-Encounter-model"
          }
        ],
        "mustSupport": false,
        "isModifier": false,
        "isSummary": false
      }
    ]
  },
  "differential": {
    "element": [
      {
        "id": "cimi-ClinicalStatement-model",
        "path": "cimi-ClinicalStatement-model",
        "definition": "A special type of information entry consisting of a topic and a context.\n\nThe ClinicalStatement class provides the core pattern for more specific clinical statement classes, such as a statement that a finding has been found in a patient or that a procedure has been proposed by a clinical decision support system. The ClinicalStatement pattern defines the core attributes common to most clinical statements and specifies a composition pattern that encourage model component reuse and better alignment with the SNOMED CT Concept Model. A clinical statement is composed of the StatementTopic class (grouping of attributes for capturing information about a procedure or a clinical finding) and the StatementContext class (grouping of attributes providing the context for the statement topic such as whether a procedure was performed, requested, not performed or whether a finding is suspected present or absent in the patient). At the archetype level, the topic and context components are coordinated to form the clinical statement. For instance, the composition of the ProcedureTopic with the NotPerformed context indicates that the given procedure was not performed.",
        "min": 0,
        "max": "*",
        "base": {
          "path": "cimi-ClinicalStatement-model",
          "min": 0,
          "max": "*"
        },
        "mustSupport": false,
        "isModifier": false,
        "isSummary": false
      },
      {
        "id": "cimi-ClinicalStatement-model.statementTopic",
        "path": "cimi-ClinicalStatement-model.statementTopic",
        "short": "Compositional and reusable grouping of clinical statement attributes that make up the clinical focus of a statement.",
        "definition": "Compositional and reusable grouping of clinical statement attributes that make up the clinical focus of a statement.\n\nStatementTopic class attributes are aligned with SNOMED CT Concept Model attributes when such an overlap exists. Note that this class does not include contextual attributes such as the nature of the action (ordered, proposed, planned, etc...), the nature of the patient state being described (e.g., present, suspected present, absent), and the attribution of this information (the who, when, where, how, why of the information recorded).\n\nCIMI Alignment: StatementTopic had an attribute called 'key' in CIMI V0.0.4, but CIMI is renaming it 'TopicCode', as represented here.",
        "min": 1,
        "max": "1",
        "base": {
          "path": "cimi-ClinicalStatement-model.statementTopic",
          "min": 1,
          "max": "1"
        },
        "type": [
          {
            "code": "http://hl7.org/fhir/us/breastcancer/StructureDefinition/cimi-StatementTopic-model"
          }
        ],
        "mustSupport": false,
        "isModifier": false,
        "isSummary": false
      },
      {
        "id": "cimi-ClinicalStatement-model.statementContext",
        "path": "cimi-ClinicalStatement-model.statementContext",
        "short": "Compositional and reusable grouping of clinical statement attributes that provides the context for the topic of a clinical statement.",
        "definition": "Compositional and reusable grouping of clinical statement attributes that provides the context for the topic of a clinical statement.\n\nThe StatementContext class aligns with the SNOMED CT Situations with Explicit Context (SWEC) Concept Model. The StatementContext provides the expressivity required to specify that an act was performed or not performed or that a finding was asserted to be present or absent for the given subject of information. It also often holds provenance information relevant to the context of the clinical statement. It is important to note that by default the context applies to the conjunction of the attribute specified in the statement. For instance, if a clinical statement has a topic describing a rash on left arm and a context of 'absent', then the statement states that the subject of interest did not have a rash on the left arm but might have had one on the right arm.\n\nCIMI Alignment: ContextCode is the new CIMI name for the attribute formerly called 'type' in CIMI V0.0.4. The attribute 'temporalContext' that appeared in CIMI V0.0.4 is no longer part of CIMI.",
        "min": 1,
        "max": "1",
        "base": {
          "path": "cimi-ClinicalStatement-model.statementContext",
          "min": 1,
          "max": "1"
        },
        "type": [
          {
            "code": "http://hl7.org/fhir/us/breastcancer/StructureDefinition/cimi-StatementContext-model"
          }
        ],
        "mustSupport": false,
        "isModifier": false,
        "isSummary": false
      },
      {
        "id": "cimi-ClinicalStatement-model.encounter",
        "path": "cimi-ClinicalStatement-model.encounter",
        "short": "An abstract class that represents an encounter class. This class has been stubbed out to limit the scope of this implementation guide to classes relevant to this ballot concerning breast cancer.",
        "definition": "An abstract class that represents an encounter class. This class has been stubbed out to limit the scope of this implementation guide to classes relevant to this ballot concerning breast cancer.",
        "min": 0,
        "max": "1",
        "base": {
          "path": "cimi-ClinicalStatement-model.encounter",
          "min": 0,
          "max": "1"
        },
        "type": [
          {
            "code": "http://hl7.org/fhir/us/breastcancer/StructureDefinition/cimi-Encounter-model"
          }
        ],
        "mustSupport": false,
        "isModifier": false,
        "isSummary": false
      }
    ]
  }
}