{
  "resourceType": "StructureDefinition",
  "id": "cimi-EvaluationComponent-model",
  "text": {
    "status": "generated",
    "div": "<div xmlns=\"http://www.w3.org/1999/xhtml\">\n  <p><b>BC EvaluationComponent Logical Model</b></p>\n  <p>A simplified, non-separable evaluation consisting of a finding code (represented by the Concept), value (or exception value), reference range, and interpretation.\n\nThe subject of the evaluation component is the same as in the parent evaluation.</p>\n</div>"
  },
  "url": "http://hl7.org/fhir/us/breastcancer/StructureDefinition/cimi-EvaluationComponent-model",
  "identifier": [
    {
      "system": "http://hl7.org/fhir/us/breastcancer",
      "value": "cimi.EvaluationComponent"
    }
  ],
  "name": "EvaluationComponentModel",
  "title": "BC EvaluationComponent Logical Model",
  "status": "draft",
  "date": "2018-05-02",
  "publisher": "The HL7 Cancer Interoperability Group sponsored by Clinical Interoperability Council Work Group (CIC)",
  "contact": [
    {
      "telecom": [
        {
          "system": "url",
          "value": "http://standardhealthrecord.org"
        }
      ]
    }
  ],
  "description": "A simplified, non-separable evaluation consisting of a finding code (represented by the Concept), value (or exception value), reference range, and interpretation.\n\nThe subject of the evaluation component is the same as in the parent evaluation.",
  "kind": "logical",
  "abstract": false,
  "type": "cimi-EvaluationComponent-model",
  "baseDefinition": "http://hl7.org/fhir/StructureDefinition/Element",
  "derivation": "specialization",
  "snapshot": {
    "element": [
      {
        "id": "cimi-EvaluationComponent-model",
        "path": "cimi-EvaluationComponent-model",
        "definition": "A simplified, non-separable evaluation consisting of a finding code (represented by the Concept), value (or exception value), reference range, and interpretation.\n\nThe subject of the evaluation component is the same as in the parent evaluation.",
        "min": 0,
        "max": "*",
        "base": {
          "path": "cimi-EvaluationComponent-model",
          "min": 0,
          "max": "*"
        },
        "mustSupport": false,
        "isModifier": false,
        "isSummary": false
      },
      {
        "id": "cimi-EvaluationComponent-model.value[x]",
        "path": "cimi-EvaluationComponent-model.value[x]",
        "short": "Choice of types representing a simplified, non-separable evaluation consisting of a finding code (represented by the Concept), value (or exception value), reference range, and interpretation.",
        "definition": "Choice of types representing a simplified, non-separable evaluation consisting of a finding code (represented by the Concept), value (or exception value), reference range, and interpretation.\n\nThe subject of the evaluation component is the same as in the parent evaluation.",
        "alias": [
          "quantity",
          "codeableConcept",
          "string",
          "range",
          "ratio",
          "time",
          "dateTime",
          "timePeriod"
        ],
        "min": 0,
        "max": "1",
        "base": {
          "path": "cimi-EvaluationComponent-model.value[x]",
          "min": 0,
          "max": "1"
        },
        "type": [
          {
            "code": "http://hl7.org/fhir/us/breastcancer/StructureDefinition/shr-core-Quantity-model"
          },
          {
            "code": "Coding"
          },
          {
            "code": "string"
          },
          {
            "code": "http://hl7.org/fhir/us/breastcancer/StructureDefinition/shr-core-Range-model"
          },
          {
            "code": "http://hl7.org/fhir/us/breastcancer/StructureDefinition/shr-core-Ratio-model"
          },
          {
            "code": "time"
          },
          {
            "code": "dateTime"
          },
          {
            "code": "http://hl7.org/fhir/us/breastcancer/StructureDefinition/shr-core-TimePeriod-model"
          }
        ],
        "mustSupport": false,
        "isModifier": false,
        "isSummary": false
      },
      {
        "id": "cimi-EvaluationComponent-model.exceptionValue",
        "path": "cimi-EvaluationComponent-model.exceptionValue",
        "short": "Reason that a value associated with a test or other finding is missing.",
        "definition": "Reason that a value associated with a test or other finding is missing.\n\nCIMI Alignment: This attribute corresponds to EvaluationResultTopic.exceptionValue, but has been moved from topic to context because missing values are only relevant when they should be recorded, but are not. The value set binding extends the set of FHIR's required data absent values, with additional concepts from CIMI.",
        "min": 0,
        "max": "1",
        "base": {
          "path": "cimi-EvaluationComponent-model.exceptionValue",
          "min": 0,
          "max": "1"
        },
        "type": [
          {
            "code": "http://hl7.org/fhir/us/breastcancer/StructureDefinition/cimi-ExceptionValue-model"
          }
        ],
        "mustSupport": false,
        "isModifier": false,
        "isSummary": false
      },
      {
        "id": "cimi-EvaluationComponent-model.interpretation",
        "path": "cimi-EvaluationComponent-model.interpretation",
        "code": [
          {
            "system": "http://ncimeta.nci.nih.gov",
            "code": "C0420833"
          }
        ],
        "short": "A clinical interpretation of a finding.",
        "definition": "A clinical interpretation of a finding.\n\nCIMI Alignment: The value set binding has been chosen to align with FHIR. (Note: it is not clear if Interpretation belongs in FindingTopic, rather than a context class, but that is how CIMI has modeled it.)",
        "min": 0,
        "max": "1",
        "base": {
          "path": "cimi-EvaluationComponent-model.interpretation",
          "min": 0,
          "max": "1"
        },
        "type": [
          {
            "code": "http://hl7.org/fhir/us/breastcancer/StructureDefinition/cimi-Interpretation-model"
          }
        ],
        "mustSupport": false,
        "isModifier": false,
        "isSummary": false
      },
      {
        "id": "cimi-EvaluationComponent-model.referenceRange",
        "path": "cimi-EvaluationComponent-model.referenceRange",
        "code": [
          {
            "system": "http://ncimeta.nci.nih.gov",
            "code": "C0883335"
          }
        ],
        "short": "The usual or acceptable range for a test result.",
        "definition": "The usual or acceptable range for a test result.",
        "min": 0,
        "max": "*",
        "base": {
          "path": "cimi-EvaluationComponent-model.referenceRange",
          "min": 0,
          "max": "*"
        },
        "type": [
          {
            "code": "http://hl7.org/fhir/us/breastcancer/StructureDefinition/cimi-ReferenceRange-model"
          }
        ],
        "mustSupport": false,
        "isModifier": false,
        "isSummary": false
      }
    ]
  },
  "differential": {
    "element": [
      {
        "id": "cimi-EvaluationComponent-model",
        "path": "cimi-EvaluationComponent-model",
        "definition": "A simplified, non-separable evaluation consisting of a finding code (represented by the Concept), value (or exception value), reference range, and interpretation.\n\nThe subject of the evaluation component is the same as in the parent evaluation.",
        "min": 0,
        "max": "*",
        "base": {
          "path": "cimi-EvaluationComponent-model",
          "min": 0,
          "max": "*"
        },
        "mustSupport": false,
        "isModifier": false,
        "isSummary": false
      },
      {
        "id": "cimi-EvaluationComponent-model.value[x]",
        "path": "cimi-EvaluationComponent-model.value[x]",
        "short": "Choice of types representing a simplified, non-separable evaluation consisting of a finding code (represented by the Concept), value (or exception value), reference range, and interpretation.",
        "definition": "Choice of types representing a simplified, non-separable evaluation consisting of a finding code (represented by the Concept), value (or exception value), reference range, and interpretation.\n\nThe subject of the evaluation component is the same as in the parent evaluation.",
        "alias": [
          "quantity",
          "codeableConcept",
          "string",
          "range",
          "ratio",
          "time",
          "dateTime",
          "timePeriod"
        ],
        "min": 0,
        "max": "1",
        "base": {
          "path": "cimi-EvaluationComponent-model.value[x]",
          "min": 0,
          "max": "1"
        },
        "type": [
          {
            "code": "http://hl7.org/fhir/us/breastcancer/StructureDefinition/shr-core-Quantity-model"
          },
          {
            "code": "Coding"
          },
          {
            "code": "string"
          },
          {
            "code": "http://hl7.org/fhir/us/breastcancer/StructureDefinition/shr-core-Range-model"
          },
          {
            "code": "http://hl7.org/fhir/us/breastcancer/StructureDefinition/shr-core-Ratio-model"
          },
          {
            "code": "time"
          },
          {
            "code": "dateTime"
          },
          {
            "code": "http://hl7.org/fhir/us/breastcancer/StructureDefinition/shr-core-TimePeriod-model"
          }
        ],
        "mustSupport": false,
        "isModifier": false,
        "isSummary": false
      },
      {
        "id": "cimi-EvaluationComponent-model.exceptionValue",
        "path": "cimi-EvaluationComponent-model.exceptionValue",
        "short": "Reason that a value associated with a test or other finding is missing.",
        "definition": "Reason that a value associated with a test or other finding is missing.\n\nCIMI Alignment: This attribute corresponds to EvaluationResultTopic.exceptionValue, but has been moved from topic to context because missing values are only relevant when they should be recorded, but are not. The value set binding extends the set of FHIR's required data absent values, with additional concepts from CIMI.",
        "min": 0,
        "max": "1",
        "base": {
          "path": "cimi-EvaluationComponent-model.exceptionValue",
          "min": 0,
          "max": "1"
        },
        "type": [
          {
            "code": "http://hl7.org/fhir/us/breastcancer/StructureDefinition/cimi-ExceptionValue-model"
          }
        ],
        "mustSupport": false,
        "isModifier": false,
        "isSummary": false
      },
      {
        "id": "cimi-EvaluationComponent-model.interpretation",
        "path": "cimi-EvaluationComponent-model.interpretation",
        "code": [
          {
            "system": "http://ncimeta.nci.nih.gov",
            "code": "C0420833"
          }
        ],
        "short": "A clinical interpretation of a finding.",
        "definition": "A clinical interpretation of a finding.\n\nCIMI Alignment: The value set binding has been chosen to align with FHIR. (Note: it is not clear if Interpretation belongs in FindingTopic, rather than a context class, but that is how CIMI has modeled it.)",
        "min": 0,
        "max": "1",
        "base": {
          "path": "cimi-EvaluationComponent-model.interpretation",
          "min": 0,
          "max": "1"
        },
        "type": [
          {
            "code": "http://hl7.org/fhir/us/breastcancer/StructureDefinition/cimi-Interpretation-model"
          }
        ],
        "mustSupport": false,
        "isModifier": false,
        "isSummary": false
      },
      {
        "id": "cimi-EvaluationComponent-model.referenceRange",
        "path": "cimi-EvaluationComponent-model.referenceRange",
        "code": [
          {
            "system": "http://ncimeta.nci.nih.gov",
            "code": "C0883335"
          }
        ],
        "short": "The usual or acceptable range for a test result.",
        "definition": "The usual or acceptable range for a test result.",
        "min": 0,
        "max": "*",
        "base": {
          "path": "cimi-EvaluationComponent-model.referenceRange",
          "min": 0,
          "max": "*"
        },
        "type": [
          {
            "code": "http://hl7.org/fhir/us/breastcancer/StructureDefinition/cimi-ReferenceRange-model"
          }
        ],
        "mustSupport": false,
        "isModifier": false,
        "isSummary": false
      }
    ]
  }
}