{
  "resourceType": "StructureDefinition",
  "id": "cimi-AssertionContext-model",
  "text": {
    "status": "generated",
    "div": "<div xmlns=\"http://www.w3.org/1999/xhtml\">\n  <p><b>BC AssertionContext Logical Model</b></p>\n  <p>The parent class of contexts that can associate with AssertionTopic and its subclasses.\n\nCIMI Alignment: This class was recently added to CIMI (after V0.0.4).</p>\n</div>"
  },
  "url": "http://hl7.org/fhir/us/breastcancer/StructureDefinition/cimi-AssertionContext-model",
  "identifier": [
    {
      "system": "http://hl7.org/fhir/us/breastcancer",
      "value": "cimi.AssertionContext"
    }
  ],
  "name": "AssertionContextModel",
  "title": "BC AssertionContext Logical Model",
  "status": "draft",
  "date": "2018-05-02",
  "publisher": "The HL7 Cancer Interoperability Group sponsored by Clinical Interoperability Council Work Group (CIC)",
  "contact": [
    {
      "telecom": [
        {
          "system": "url",
          "value": "http://standardhealthrecord.org"
        }
      ]
    }
  ],
  "description": "The parent class of contexts that can associate with AssertionTopic and its subclasses.\n\nCIMI Alignment: This class was recently added to CIMI (after V0.0.4).",
  "kind": "logical",
  "abstract": false,
  "type": "cimi-AssertionContext-model",
  "baseDefinition": "http://hl7.org/fhir/StructureDefinition/Element",
  "derivation": "specialization",
  "snapshot": {
    "element": [
      {
        "id": "cimi-AssertionContext-model",
        "path": "cimi-AssertionContext-model",
        "definition": "The parent class of contexts that can associate with AssertionTopic and its subclasses.\n\nCIMI Alignment: This class was recently added to CIMI (after V0.0.4).",
        "min": 0,
        "max": "*",
        "base": {
          "path": "cimi-AssertionContext-model",
          "min": 0,
          "max": "*"
        },
        "mustSupport": false,
        "isModifier": false,
        "isSummary": false
      },
      {
        "id": "cimi-AssertionContext-model.contextCode",
        "path": "cimi-AssertionContext-model.contextCode",
        "short": "A code representing the ontological status of the statement, e.g., whether it exists, does not exist, is planned, etc.",
        "definition": "A code representing the ontological status of the statement, e.g., whether it exists, does not exist, is planned, etc.\n\nAttribute aligns with the SNOMED CT Situation with Explicit Context (SWEC) Concept Model context attributes: 'Finding context (attribute)' (SCTID: 408729009) and 'Procedure context (attribute)' (SCTID: 408730004). The range allowed for this attribute shall be consistent with the SNOMED CT concept model specification for SWEC.\n\nCIMI Alignment: ContextCode is the new CIMI name for the attribute formerly called 'type' in CIMI V0.0.4.",
        "min": 1,
        "max": "1",
        "base": {
          "path": "cimi-AssertionContext-model.contextCode",
          "min": 1,
          "max": "1"
        },
        "type": [
          {
            "code": "http://hl7.org/fhir/us/breastcancer/StructureDefinition/cimi-ContextCode-model"
          }
        ],
        "mustSupport": false,
        "isModifier": false,
        "isSummary": false
      }
    ]
  },
  "differential": {
    "element": [
      {
        "id": "cimi-AssertionContext-model",
        "path": "cimi-AssertionContext-model",
        "definition": "The parent class of contexts that can associate with AssertionTopic and its subclasses.\n\nCIMI Alignment: This class was recently added to CIMI (after V0.0.4).",
        "min": 0,
        "max": "*",
        "base": {
          "path": "cimi-AssertionContext-model",
          "min": 0,
          "max": "*"
        },
        "mustSupport": false,
        "isModifier": false,
        "isSummary": false
      },
      {
        "id": "cimi-AssertionContext-model.contextCode",
        "path": "cimi-AssertionContext-model.contextCode",
        "short": "A code representing the ontological status of the statement, e.g., whether it exists, does not exist, is planned, etc.",
        "definition": "A code representing the ontological status of the statement, e.g., whether it exists, does not exist, is planned, etc.\n\nAttribute aligns with the SNOMED CT Situation with Explicit Context (SWEC) Concept Model context attributes: 'Finding context (attribute)' (SCTID: 408729009) and 'Procedure context (attribute)' (SCTID: 408730004). The range allowed for this attribute shall be consistent with the SNOMED CT concept model specification for SWEC.\n\nCIMI Alignment: ContextCode is the new CIMI name for the attribute formerly called 'type' in CIMI V0.0.4.",
        "min": 1,
        "max": "1",
        "base": {
          "path": "cimi-AssertionContext-model.contextCode",
          "min": 1,
          "max": "1"
        },
        "type": [
          {
            "code": "http://hl7.org/fhir/us/breastcancer/StructureDefinition/cimi-ContextCode-model"
          }
        ],
        "mustSupport": false,
        "isModifier": false,
        "isSummary": false
      }
    ]
  }
}