{
  "resourceType": "StructureDefinition",
  "id": "cimi-AnatomicalLocation-model",
  "text": {
    "status": "generated",
    "div": "<div xmlns=\"http://www.w3.org/1999/xhtml\">\n  <p><b>BC AnatomicalLocation Logical Model</b></p>\n  <p>A location or structure in the body, including tissues, regions, cavities, and spaces; for example, right elbow, or left ventricle of the heart.\n\nCIMI Alignment: In CIMI V0.0.4, AnatomicalLocation has no parent class. This appears to have been an oversight, and the parent should have been Entity, as modeled here.</p>\n</div>"
  },
  "url": "http://hl7.org/fhir/us/breastcancer/StructureDefinition/cimi-AnatomicalLocation-model",
  "identifier": [
    {
      "system": "http://hl7.org/fhir/us/breastcancer",
      "value": "cimi.AnatomicalLocation"
    }
  ],
  "name": "AnatomicalLocationModel",
  "title": "BC AnatomicalLocation Logical Model",
  "status": "draft",
  "date": "2018-05-02",
  "publisher": "The HL7 Cancer Interoperability Group sponsored by Clinical Interoperability Council Work Group (CIC)",
  "contact": [
    {
      "telecom": [
        {
          "system": "url",
          "value": "http://standardhealthrecord.org"
        }
      ]
    }
  ],
  "description": "A location or structure in the body, including tissues, regions, cavities, and spaces; for example, right elbow, or left ventricle of the heart.\n\nCIMI Alignment: In CIMI V0.0.4, AnatomicalLocation has no parent class. This appears to have been an oversight, and the parent should have been Entity, as modeled here.",
  "keyword": [
    {
      "system": "http://ncimeta.nci.nih.gov",
      "code": "C1545955"
    }
  ],
  "kind": "logical",
  "abstract": false,
  "type": "cimi-AnatomicalLocation-model",
  "baseDefinition": "http://hl7.org/fhir/StructureDefinition/Element",
  "derivation": "specialization",
  "snapshot": {
    "element": [
      {
        "id": "cimi-AnatomicalLocation-model",
        "path": "cimi-AnatomicalLocation-model",
        "definition": "A location or structure in the body, including tissues, regions, cavities, and spaces; for example, right elbow, or left ventricle of the heart.\n\nCIMI Alignment: In CIMI V0.0.4, AnatomicalLocation has no parent class. This appears to have been an oversight, and the parent should have been Entity, as modeled here.",
        "min": 0,
        "max": "*",
        "base": {
          "path": "cimi-AnatomicalLocation-model",
          "min": 0,
          "max": "*"
        },
        "mustSupport": false,
        "isModifier": false,
        "isSummary": false
      },
      {
        "id": "cimi-AnatomicalLocation-model.value",
        "path": "cimi-AnatomicalLocation-model.value",
        "short": "Code representing a location or structure in the body, including tissues, regions, cavities, and spaces; for example, right elbow, or left ventricle of the heart.",
        "definition": "Code representing a location or structure in the body, including tissues, regions, cavities, and spaces; for example, right elbow, or left ventricle of the heart.\n\nCIMI Alignment: In CIMI V0.0.4, AnatomicalLocation has no parent class. This appears to have been an oversight, and the parent should have been Entity, as modeled here.",
        "alias": [
          "codeableConcept"
        ],
        "min": 1,
        "max": "1",
        "base": {
          "path": "cimi-AnatomicalLocation-model.value",
          "min": 1,
          "max": "1"
        },
        "type": [
          {
            "code": "Coding"
          }
        ],
        "mustSupport": false,
        "isModifier": false,
        "isSummary": false,
        "binding": {
          "strength": "required",
          "valueSetReference": {
            "reference": "http://hl7.org/fhir/us/breastcancer/ValueSet/cimi-AnatomicalLocationVS"
          }
        }
      },
      {
        "id": "cimi-AnatomicalLocation-model.laterality",
        "path": "cimi-AnatomicalLocation-model.laterality",
        "code": [
          {
            "system": "http://ncimeta.nci.nih.gov",
            "code": "C0925205",
            "display": "Anatomical laterality"
          }
        ],
        "short": "Anatomical location or specimen further detailing the side(s) of interest.",
        "definition": "Anatomical location or specimen further detailing the side(s) of interest.",
        "min": 0,
        "max": "1",
        "base": {
          "path": "cimi-AnatomicalLocation-model.laterality",
          "min": 0,
          "max": "1"
        },
        "type": [
          {
            "code": "http://hl7.org/fhir/us/breastcancer/StructureDefinition/cimi-Laterality-model"
          }
        ],
        "mustSupport": false,
        "isModifier": false,
        "isSummary": false
      },
      {
        "id": "cimi-AnatomicalLocation-model.anatomicalDirection",
        "path": "cimi-AnatomicalLocation-model.anatomicalDirection",
        "code": [
          {
            "system": "https://evs.nci.nih.gov/ftp1/CDISC/SDTM/",
            "code": "C99074"
          }
        ],
        "short": "Anatomical location or specimen further detailing directionality.",
        "definition": "Anatomical location or specimen further detailing directionality.",
        "min": 0,
        "max": "1",
        "base": {
          "path": "cimi-AnatomicalLocation-model.anatomicalDirection",
          "min": 0,
          "max": "1"
        },
        "type": [
          {
            "code": "http://hl7.org/fhir/us/breastcancer/StructureDefinition/cimi-AnatomicalDirection-model"
          }
        ],
        "mustSupport": false,
        "isModifier": false,
        "isSummary": false
      }
    ]
  },
  "differential": {
    "element": [
      {
        "id": "cimi-AnatomicalLocation-model",
        "path": "cimi-AnatomicalLocation-model",
        "definition": "A location or structure in the body, including tissues, regions, cavities, and spaces; for example, right elbow, or left ventricle of the heart.\n\nCIMI Alignment: In CIMI V0.0.4, AnatomicalLocation has no parent class. This appears to have been an oversight, and the parent should have been Entity, as modeled here.",
        "min": 0,
        "max": "*",
        "base": {
          "path": "cimi-AnatomicalLocation-model",
          "min": 0,
          "max": "*"
        },
        "mustSupport": false,
        "isModifier": false,
        "isSummary": false
      },
      {
        "id": "cimi-AnatomicalLocation-model.value",
        "path": "cimi-AnatomicalLocation-model.value",
        "short": "Code representing a location or structure in the body, including tissues, regions, cavities, and spaces; for example, right elbow, or left ventricle of the heart.",
        "definition": "Code representing a location or structure in the body, including tissues, regions, cavities, and spaces; for example, right elbow, or left ventricle of the heart.\n\nCIMI Alignment: In CIMI V0.0.4, AnatomicalLocation has no parent class. This appears to have been an oversight, and the parent should have been Entity, as modeled here.",
        "alias": [
          "codeableConcept"
        ],
        "min": 1,
        "max": "1",
        "base": {
          "path": "cimi-AnatomicalLocation-model.value",
          "min": 1,
          "max": "1"
        },
        "type": [
          {
            "code": "Coding"
          }
        ],
        "mustSupport": false,
        "isModifier": false,
        "isSummary": false,
        "binding": {
          "strength": "required",
          "valueSetReference": {
            "reference": "http://hl7.org/fhir/us/breastcancer/ValueSet/cimi-AnatomicalLocationVS"
          }
        }
      },
      {
        "id": "cimi-AnatomicalLocation-model.laterality",
        "path": "cimi-AnatomicalLocation-model.laterality",
        "code": [
          {
            "system": "http://ncimeta.nci.nih.gov",
            "code": "C0925205",
            "display": "Anatomical laterality"
          }
        ],
        "short": "Anatomical location or specimen further detailing the side(s) of interest.",
        "definition": "Anatomical location or specimen further detailing the side(s) of interest.",
        "min": 0,
        "max": "1",
        "base": {
          "path": "cimi-AnatomicalLocation-model.laterality",
          "min": 0,
          "max": "1"
        },
        "type": [
          {
            "code": "http://hl7.org/fhir/us/breastcancer/StructureDefinition/cimi-Laterality-model"
          }
        ],
        "mustSupport": false,
        "isModifier": false,
        "isSummary": false
      },
      {
        "id": "cimi-AnatomicalLocation-model.anatomicalDirection",
        "path": "cimi-AnatomicalLocation-model.anatomicalDirection",
        "code": [
          {
            "system": "https://evs.nci.nih.gov/ftp1/CDISC/SDTM/",
            "code": "C99074"
          }
        ],
        "short": "Anatomical location or specimen further detailing directionality.",
        "definition": "Anatomical location or specimen further detailing directionality.",
        "min": 0,
        "max": "1",
        "base": {
          "path": "cimi-AnatomicalLocation-model.anatomicalDirection",
          "min": 0,
          "max": "1"
        },
        "type": [
          {
            "code": "http://hl7.org/fhir/us/breastcancer/StructureDefinition/cimi-AnatomicalDirection-model"
          }
        ],
        "mustSupport": false,
        "isModifier": false,
        "isSummary": false
      }
    ]
  }
}