{
  "resourceType": "StructureDefinition",
  "id": "cimi-StatementContext-model",
  "text": {
    "status": "generated",
    "div": "<div xmlns=\"http://www.w3.org/1999/xhtml\">\n  <p><b>BC StatementContext Logical Model</b></p>\n  <p>Compositional and reusable grouping of clinical statement attributes that provides the context for the topic of a clinical statement.\n\nThe StatementContext class aligns with the SNOMED CT Situations with Explicit Context (SWEC) Concept Model. The StatementContext provides the expressivity required to specify that an act was performed or not performed or that a finding was asserted to be present or absent for the given subject of information. It also often holds provenance information relevant to the context of the clinical statement. It is important to note that by default the context applies to the conjunction of the attribute specified in the statement. For instance, if a clinical statement has a topic describing a rash on left arm and a context of &#039;absent&#039;, then the statement states that the subject of interest did not have a rash on the left arm but might have had one on the right arm.\n\nCIMI Alignment: ContextCode is the new CIMI name for the attribute formerly called &#039;type&#039; in CIMI V0.0.4. The attribute &#039;temporalContext&#039; that appeared in CIMI V0.0.4 is no longer part of CIMI.</p>\n</div>"
  },
  "url": "http://hl7.org/fhir/us/breastcancer/StructureDefinition/cimi-StatementContext-model",
  "identifier": [
    {
      "system": "http://hl7.org/fhir/us/breastcancer",
      "value": "cimi.StatementContext"
    }
  ],
  "name": "StatementContextModel",
  "title": "BC StatementContext Logical Model",
  "status": "draft",
  "date": "2018-05-02",
  "publisher": "The HL7 Cancer Interoperability Group sponsored by Clinical Interoperability Council Work Group (CIC)",
  "contact": [
    {
      "telecom": [
        {
          "system": "url",
          "value": "http://standardhealthrecord.org"
        }
      ]
    }
  ],
  "description": "Compositional and reusable grouping of clinical statement attributes that provides the context for the topic of a clinical statement.\n\nThe StatementContext class aligns with the SNOMED CT Situations with Explicit Context (SWEC) Concept Model. The StatementContext provides the expressivity required to specify that an act was performed or not performed or that a finding was asserted to be present or absent for the given subject of information. It also often holds provenance information relevant to the context of the clinical statement. It is important to note that by default the context applies to the conjunction of the attribute specified in the statement. For instance, if a clinical statement has a topic describing a rash on left arm and a context of 'absent', then the statement states that the subject of interest did not have a rash on the left arm but might have had one on the right arm.\n\nCIMI Alignment: ContextCode is the new CIMI name for the attribute formerly called 'type' in CIMI V0.0.4. The attribute 'temporalContext' that appeared in CIMI V0.0.4 is no longer part of CIMI.",
  "kind": "logical",
  "abstract": false,
  "type": "cimi-StatementContext-model",
  "baseDefinition": "http://hl7.org/fhir/StructureDefinition/Element",
  "derivation": "specialization",
  "snapshot": {
    "element": [
      {
        "id": "cimi-StatementContext-model",
        "path": "cimi-StatementContext-model",
        "definition": "Compositional and reusable grouping of clinical statement attributes that provides the context for the topic of a clinical statement.\n\nThe StatementContext class aligns with the SNOMED CT Situations with Explicit Context (SWEC) Concept Model. The StatementContext provides the expressivity required to specify that an act was performed or not performed or that a finding was asserted to be present or absent for the given subject of information. It also often holds provenance information relevant to the context of the clinical statement. It is important to note that by default the context applies to the conjunction of the attribute specified in the statement. For instance, if a clinical statement has a topic describing a rash on left arm and a context of 'absent', then the statement states that the subject of interest did not have a rash on the left arm but might have had one on the right arm.\n\nCIMI Alignment: ContextCode is the new CIMI name for the attribute formerly called 'type' in CIMI V0.0.4. The attribute 'temporalContext' that appeared in CIMI V0.0.4 is no longer part of CIMI.",
        "min": 0,
        "max": "*",
        "base": {
          "path": "cimi-StatementContext-model",
          "min": 0,
          "max": "*"
        },
        "mustSupport": false,
        "isModifier": false,
        "isSummary": false
      },
      {
        "id": "cimi-StatementContext-model.contextCode",
        "path": "cimi-StatementContext-model.contextCode",
        "short": "A code representing the ontological status of the statement, e.g., whether it exists, does not exist, is planned, etc.",
        "definition": "A code representing the ontological status of the statement, e.g., whether it exists, does not exist, is planned, etc.\n\nAttribute aligns with the SNOMED CT Situation with Explicit Context (SWEC) Concept Model context attributes: 'Finding context (attribute)' (SCTID: 408729009) and 'Procedure context (attribute)' (SCTID: 408730004). The range allowed for this attribute shall be consistent with the SNOMED CT concept model specification for SWEC.\n\nCIMI Alignment: ContextCode is the new CIMI name for the attribute formerly called 'type' in CIMI V0.0.4.",
        "min": 1,
        "max": "1",
        "base": {
          "path": "cimi-StatementContext-model.contextCode",
          "min": 1,
          "max": "1"
        },
        "type": [
          {
            "code": "http://hl7.org/fhir/us/breastcancer/StructureDefinition/cimi-ContextCode-model"
          }
        ],
        "mustSupport": false,
        "isModifier": false,
        "isSummary": false
      }
    ]
  },
  "differential": {
    "element": [
      {
        "id": "cimi-StatementContext-model",
        "path": "cimi-StatementContext-model",
        "definition": "Compositional and reusable grouping of clinical statement attributes that provides the context for the topic of a clinical statement.\n\nThe StatementContext class aligns with the SNOMED CT Situations with Explicit Context (SWEC) Concept Model. The StatementContext provides the expressivity required to specify that an act was performed or not performed or that a finding was asserted to be present or absent for the given subject of information. It also often holds provenance information relevant to the context of the clinical statement. It is important to note that by default the context applies to the conjunction of the attribute specified in the statement. For instance, if a clinical statement has a topic describing a rash on left arm and a context of 'absent', then the statement states that the subject of interest did not have a rash on the left arm but might have had one on the right arm.\n\nCIMI Alignment: ContextCode is the new CIMI name for the attribute formerly called 'type' in CIMI V0.0.4. The attribute 'temporalContext' that appeared in CIMI V0.0.4 is no longer part of CIMI.",
        "min": 0,
        "max": "*",
        "base": {
          "path": "cimi-StatementContext-model",
          "min": 0,
          "max": "*"
        },
        "mustSupport": false,
        "isModifier": false,
        "isSummary": false
      },
      {
        "id": "cimi-StatementContext-model.contextCode",
        "path": "cimi-StatementContext-model.contextCode",
        "short": "A code representing the ontological status of the statement, e.g., whether it exists, does not exist, is planned, etc.",
        "definition": "A code representing the ontological status of the statement, e.g., whether it exists, does not exist, is planned, etc.\n\nAttribute aligns with the SNOMED CT Situation with Explicit Context (SWEC) Concept Model context attributes: 'Finding context (attribute)' (SCTID: 408729009) and 'Procedure context (attribute)' (SCTID: 408730004). The range allowed for this attribute shall be consistent with the SNOMED CT concept model specification for SWEC.\n\nCIMI Alignment: ContextCode is the new CIMI name for the attribute formerly called 'type' in CIMI V0.0.4.",
        "min": 1,
        "max": "1",
        "base": {
          "path": "cimi-StatementContext-model.contextCode",
          "min": 1,
          "max": "1"
        },
        "type": [
          {
            "code": "http://hl7.org/fhir/us/breastcancer/StructureDefinition/cimi-ContextCode-model"
          }
        ],
        "mustSupport": false,
        "isModifier": false,
        "isSummary": false
      }
    ]
  }
}