{
  "resourceType": "StructureDefinition",
  "id": "oncology-NuclearPositivity-model",
  "text": {
    "status": "generated",
    "div": "<div xmlns=\"http://www.w3.org/1999/xhtml\">\n  <p><b>BC NuclearPositivity Logical Model</b></p>\n  <p>The percentage of cells that test (stain) positive for the presence of a receptor.\n\nWe are seeking feedback on whether nuclear positivity should be an exact percentage or a range of percentages. As currently defined, an exact nuclear positivity could be represented by a zero-width range, where the lower and upper bounds would be the same number.</p>\n</div>"
  },
  "url": "http://hl7.org/fhir/us/breastcancer/StructureDefinition/oncology-NuclearPositivity-model",
  "identifier": [
    {
      "system": "http://hl7.org/fhir/us/breastcancer",
      "value": "oncology.NuclearPositivity"
    }
  ],
  "name": "NuclearPositivityModel",
  "title": "BC NuclearPositivity Logical Model",
  "status": "draft",
  "date": "2018-05-02",
  "publisher": "The HL7 Cancer Interoperability Group sponsored by Clinical Interoperability Council Work Group (CIC)",
  "contact": [
    {
      "telecom": [
        {
          "system": "url",
          "value": "http://standardhealthrecord.org"
        }
      ]
    }
  ],
  "description": "The percentage of cells that test (stain) positive for the presence of a receptor.\n\nWe are seeking feedback on whether nuclear positivity should be an exact percentage or a range of percentages. As currently defined, an exact nuclear positivity could be represented by a zero-width range, where the lower and upper bounds would be the same number.",
  "kind": "logical",
  "abstract": false,
  "type": "oncology-NuclearPositivity-model",
  "baseDefinition": "http://hl7.org/fhir/StructureDefinition/Element",
  "derivation": "specialization",
  "snapshot": {
    "element": [
      {
        "id": "oncology-NuclearPositivity-model",
        "path": "oncology-NuclearPositivity-model",
        "definition": "The percentage of cells that test (stain) positive for the presence of a receptor.\n\nWe are seeking feedback on whether nuclear positivity should be an exact percentage or a range of percentages. As currently defined, an exact nuclear positivity could be represented by a zero-width range, where the lower and upper bounds would be the same number.",
        "min": 0,
        "max": "*",
        "base": {
          "path": "oncology-NuclearPositivity-model",
          "min": 0,
          "max": "*"
        },
        "mustSupport": false,
        "isModifier": false,
        "isSummary": false
      },
      {
        "id": "oncology-NuclearPositivity-model.value",
        "path": "oncology-NuclearPositivity-model.value",
        "short": "Range representing the percentage of cells that test (stain) positive for the presence of a receptor.",
        "definition": "Range representing the percentage of cells that test (stain) positive for the presence of a receptor.\n\nWe are seeking feedback on whether nuclear positivity should be an exact percentage or a range of percentages. As currently defined, an exact nuclear positivity could be represented by a zero-width range, where the lower and upper bounds would be the same number.",
        "alias": [
          "range",
          "percentageRange"
        ],
        "min": 1,
        "max": "1",
        "base": {
          "path": "oncology-NuclearPositivity-model.value",
          "min": 1,
          "max": "1"
        },
        "type": [
          {
            "code": "http://hl7.org/fhir/us/breastcancer/StructureDefinition/shr-core-PercentageRange-model"
          }
        ],
        "mustSupport": false,
        "isModifier": false,
        "isSummary": false
      },
      {
        "id": "oncology-NuclearPositivity-model.exceptionValue",
        "path": "oncology-NuclearPositivity-model.exceptionValue",
        "short": "Reason that a value associated with a test or other finding is missing.",
        "definition": "Reason that a value associated with a test or other finding is missing.\n\nCIMI Alignment: This attribute corresponds to EvaluationResultTopic.exceptionValue, but has been moved from topic to context because missing values are only relevant when they should be recorded, but are not. The value set binding extends the set of FHIR's required data absent values, with additional concepts from CIMI.",
        "min": 0,
        "max": "1",
        "base": {
          "path": "oncology-NuclearPositivity-model.exceptionValue",
          "min": 0,
          "max": "1"
        },
        "type": [
          {
            "code": "http://hl7.org/fhir/us/breastcancer/StructureDefinition/cimi-ExceptionValue-model"
          }
        ],
        "mustSupport": false,
        "isModifier": false,
        "isSummary": false
      },
      {
        "id": "oncology-NuclearPositivity-model.interpretation",
        "path": "oncology-NuclearPositivity-model.interpretation",
        "code": [
          {
            "system": "http://ncimeta.nci.nih.gov",
            "code": "C0420833"
          }
        ],
        "short": "A clinical interpretation of a finding.",
        "definition": "A clinical interpretation of a finding.\n\nCIMI Alignment: The value set binding has been chosen to align with FHIR. (Note: it is not clear if Interpretation belongs in FindingTopic, rather than a context class, but that is how CIMI has modeled it.)",
        "min": 0,
        "max": "1",
        "base": {
          "path": "oncology-NuclearPositivity-model.interpretation",
          "min": 0,
          "max": "1"
        },
        "type": [
          {
            "code": "http://hl7.org/fhir/us/breastcancer/StructureDefinition/cimi-Interpretation-model"
          }
        ],
        "mustSupport": false,
        "isModifier": false,
        "isSummary": false
      },
      {
        "id": "oncology-NuclearPositivity-model.referenceRange",
        "path": "oncology-NuclearPositivity-model.referenceRange",
        "code": [
          {
            "system": "http://ncimeta.nci.nih.gov",
            "code": "C0883335"
          }
        ],
        "short": "The usual or acceptable range for a test result.",
        "definition": "The usual or acceptable range for a test result.",
        "min": 0,
        "max": "0",
        "base": {
          "path": "oncology-NuclearPositivity-model.referenceRange",
          "min": 0,
          "max": "0"
        },
        "type": [
          {
            "code": "http://hl7.org/fhir/us/breastcancer/StructureDefinition/cimi-ReferenceRange-model"
          }
        ],
        "mustSupport": false,
        "isModifier": false,
        "isSummary": false
      }
    ]
  },
  "differential": {
    "element": [
      {
        "id": "oncology-NuclearPositivity-model",
        "path": "oncology-NuclearPositivity-model",
        "definition": "The percentage of cells that test (stain) positive for the presence of a receptor.\n\nWe are seeking feedback on whether nuclear positivity should be an exact percentage or a range of percentages. As currently defined, an exact nuclear positivity could be represented by a zero-width range, where the lower and upper bounds would be the same number.",
        "min": 0,
        "max": "*",
        "base": {
          "path": "oncology-NuclearPositivity-model",
          "min": 0,
          "max": "*"
        },
        "mustSupport": false,
        "isModifier": false,
        "isSummary": false
      },
      {
        "id": "oncology-NuclearPositivity-model.value",
        "path": "oncology-NuclearPositivity-model.value",
        "short": "Range representing the percentage of cells that test (stain) positive for the presence of a receptor.",
        "definition": "Range representing the percentage of cells that test (stain) positive for the presence of a receptor.\n\nWe are seeking feedback on whether nuclear positivity should be an exact percentage or a range of percentages. As currently defined, an exact nuclear positivity could be represented by a zero-width range, where the lower and upper bounds would be the same number.",
        "alias": [
          "range",
          "percentageRange"
        ],
        "min": 1,
        "max": "1",
        "base": {
          "path": "oncology-NuclearPositivity-model.value",
          "min": 1,
          "max": "1"
        },
        "type": [
          {
            "code": "http://hl7.org/fhir/us/breastcancer/StructureDefinition/shr-core-PercentageRange-model"
          }
        ],
        "mustSupport": false,
        "isModifier": false,
        "isSummary": false
      },
      {
        "id": "oncology-NuclearPositivity-model.exceptionValue",
        "path": "oncology-NuclearPositivity-model.exceptionValue",
        "short": "Reason that a value associated with a test or other finding is missing.",
        "definition": "Reason that a value associated with a test or other finding is missing.\n\nCIMI Alignment: This attribute corresponds to EvaluationResultTopic.exceptionValue, but has been moved from topic to context because missing values are only relevant when they should be recorded, but are not. The value set binding extends the set of FHIR's required data absent values, with additional concepts from CIMI.",
        "min": 0,
        "max": "1",
        "base": {
          "path": "oncology-NuclearPositivity-model.exceptionValue",
          "min": 0,
          "max": "1"
        },
        "type": [
          {
            "code": "http://hl7.org/fhir/us/breastcancer/StructureDefinition/cimi-ExceptionValue-model"
          }
        ],
        "mustSupport": false,
        "isModifier": false,
        "isSummary": false
      },
      {
        "id": "oncology-NuclearPositivity-model.interpretation",
        "path": "oncology-NuclearPositivity-model.interpretation",
        "code": [
          {
            "system": "http://ncimeta.nci.nih.gov",
            "code": "C0420833"
          }
        ],
        "short": "A clinical interpretation of a finding.",
        "definition": "A clinical interpretation of a finding.\n\nCIMI Alignment: The value set binding has been chosen to align with FHIR. (Note: it is not clear if Interpretation belongs in FindingTopic, rather than a context class, but that is how CIMI has modeled it.)",
        "min": 0,
        "max": "1",
        "base": {
          "path": "oncology-NuclearPositivity-model.interpretation",
          "min": 0,
          "max": "1"
        },
        "type": [
          {
            "code": "http://hl7.org/fhir/us/breastcancer/StructureDefinition/cimi-Interpretation-model"
          }
        ],
        "mustSupport": false,
        "isModifier": false,
        "isSummary": false
      },
      {
        "id": "oncology-NuclearPositivity-model.referenceRange",
        "path": "oncology-NuclearPositivity-model.referenceRange",
        "code": [
          {
            "system": "http://ncimeta.nci.nih.gov",
            "code": "C0883335"
          }
        ],
        "short": "The usual or acceptable range for a test result.",
        "definition": "The usual or acceptable range for a test result.",
        "min": 0,
        "max": "0",
        "base": {
          "path": "oncology-NuclearPositivity-model.referenceRange",
          "min": 0,
          "max": "0"
        },
        "type": [
          {
            "code": "http://hl7.org/fhir/us/breastcancer/StructureDefinition/cimi-ReferenceRange-model"
          }
        ],
        "mustSupport": false,
        "isModifier": false,
        "isSummary": false
      }
    ]
  }
}