{
  "resourceType": "StructureDefinition",
  "id": "oncology-StageTimingPrefix-model",
  "text": {
    "status": "generated",
    "div": "<div xmlns=\"http://www.w3.org/1999/xhtml\">\n  <p><b>BC StageTimingPrefix Logical Model</b></p>\n  <p>Indicates when the staging was done, in terms of treatment landmarks.</p>\n</div>"
  },
  "url": "http://hl7.org/fhir/us/breastcancer/StructureDefinition/oncology-StageTimingPrefix-model",
  "identifier": [
    {
      "system": "http://hl7.org/fhir/us/breastcancer",
      "value": "oncology.StageTimingPrefix"
    }
  ],
  "name": "StageTimingPrefixModel",
  "title": "BC StageTimingPrefix Logical Model",
  "status": "draft",
  "date": "2018-05-02",
  "publisher": "The HL7 Cancer Interoperability Group sponsored by Clinical Interoperability Council Work Group (CIC)",
  "contact": [
    {
      "telecom": [
        {
          "system": "url",
          "value": "http://standardhealthrecord.org"
        }
      ]
    }
  ],
  "description": "Indicates when the staging was done, in terms of treatment landmarks.",
  "keyword": [
    {
      "system": "http://snomed.info/sct",
      "code": "260869008",
      "display": "Timing of stage"
    }
  ],
  "kind": "logical",
  "abstract": false,
  "type": "oncology-StageTimingPrefix-model",
  "baseDefinition": "http://hl7.org/fhir/StructureDefinition/Element",
  "derivation": "specialization",
  "snapshot": {
    "element": [
      {
        "id": "oncology-StageTimingPrefix-model",
        "path": "oncology-StageTimingPrefix-model",
        "definition": "Indicates when the staging was done, in terms of treatment landmarks.",
        "min": 0,
        "max": "*",
        "base": {
          "path": "oncology-StageTimingPrefix-model",
          "min": 0,
          "max": "*"
        },
        "mustSupport": false,
        "isModifier": false,
        "isSummary": false
      },
      {
        "id": "oncology-StageTimingPrefix-model.value",
        "path": "oncology-StageTimingPrefix-model.value",
        "short": "Code representing indicates when the staging was done, in terms of treatment landmarks.",
        "definition": "Code representing indicates when the staging was done, in terms of treatment landmarks.",
        "alias": [
          "codeableConcept"
        ],
        "min": 1,
        "max": "1",
        "base": {
          "path": "oncology-StageTimingPrefix-model.value",
          "min": 1,
          "max": "1"
        },
        "type": [
          {
            "code": "Coding"
          }
        ],
        "mustSupport": false,
        "isModifier": false,
        "isSummary": false,
        "binding": {
          "strength": "required",
          "valueSetReference": {
            "reference": "http://hl7.org/fhir/us/breastcancer/ValueSet/oncology-StageTimingPrefixVS"
          }
        }
      }
    ]
  },
  "differential": {
    "element": [
      {
        "id": "oncology-StageTimingPrefix-model",
        "path": "oncology-StageTimingPrefix-model",
        "definition": "Indicates when the staging was done, in terms of treatment landmarks.",
        "min": 0,
        "max": "*",
        "base": {
          "path": "oncology-StageTimingPrefix-model",
          "min": 0,
          "max": "*"
        },
        "mustSupport": false,
        "isModifier": false,
        "isSummary": false
      },
      {
        "id": "oncology-StageTimingPrefix-model.value",
        "path": "oncology-StageTimingPrefix-model.value",
        "short": "Code representing indicates when the staging was done, in terms of treatment landmarks.",
        "definition": "Code representing indicates when the staging was done, in terms of treatment landmarks.",
        "alias": [
          "codeableConcept"
        ],
        "min": 1,
        "max": "1",
        "base": {
          "path": "oncology-StageTimingPrefix-model.value",
          "min": 1,
          "max": "1"
        },
        "type": [
          {
            "code": "Coding"
          }
        ],
        "mustSupport": false,
        "isModifier": false,
        "isSummary": false,
        "binding": {
          "strength": "required",
          "valueSetReference": {
            "reference": "http://hl7.org/fhir/us/breastcancer/ValueSet/oncology-StageTimingPrefixVS"
          }
        }
      }
    ]
  }
}