{
  "resourceType": "ValueSet",
  "id": "cimi-AnatomicalLocationVS",
  "text": {
    "status": "generated",
    "div": "<div xmlns=\"http://www.w3.org/1999/xhtml\">\n<p><b>BC AnatomicalLocationVS ValueSet</b></p>\n<p>Codes that describe normal and pathologic anatomic systems, regions, cavities, and spaces.</p>\n</div>"
  },
  "url": "http://hl7.org/fhir/us/breastcancer/ValueSet/cimi-AnatomicalLocationVS",
  "identifier": [
    {
      "system": "http://hl7.org/fhir/us/breastcancer",
      "value": "cimi.AnatomicalLocationVS"
    }
  ],
  "name": "AnatomicalLocationVS",
  "title": "BC AnatomicalLocationVS ValueSet",
  "status": "draft",
  "publisher": "The HL7 Cancer Interoperability Group sponsored by Clinical Interoperability Council Work Group (CIC)",
  "contact": [
    {
      "telecom": [
        {
          "system": "url",
          "value": "http://standardhealthrecord.org"
        }
      ]
    }
  ],
  "date": "2018-05-02",
  "description": "Codes that describe normal and pathologic anatomic systems, regions, cavities, and spaces.",
  "compose": {
    "include": [
      {
        "system": "http://snomed.info/sct",
        "filter": [
          {
            "property": "concept",
            "op": "is-a",
            "value": "123037004"
          }
        ]
      }
    ]
  }
}