{
  "resourceType": "ValueSet",
  "id": "oncology-NuclearGradeVS",
  "text": {
    "status": "generated",
    "div": "<div xmlns=\"http://www.w3.org/1999/xhtml\">\n<p><b>BC NuclearGradeVS ValueSet</b></p>\n<p>The nuclear grade describes how closely the nuclei of cancer cells look like the nuclei of normal breast cells. In general, the higher the nuclear grade, the more abnormal the nuclei are and the more aggressive the tumor cells tend to be. The nuclear grade is a part of overall tumor grade.</p>\n</div>"
  },
  "url": "http://hl7.org/fhir/us/breastcancer/ValueSet/oncology-NuclearGradeVS",
  "identifier": [
    {
      "system": "http://hl7.org/fhir/us/breastcancer",
      "value": "oncology.NuclearGradeVS"
    }
  ],
  "name": "NuclearGradeVS",
  "title": "BC NuclearGradeVS ValueSet",
  "status": "draft",
  "publisher": "The HL7 Cancer Interoperability Group sponsored by Clinical Interoperability Council Work Group (CIC)",
  "contact": [
    {
      "telecom": [
        {
          "system": "url",
          "value": "http://standardhealthrecord.org"
        }
      ]
    }
  ],
  "date": "2018-05-02",
  "description": "The nuclear grade describes how closely the nuclei of cancer cells look like the nuclei of normal breast cells. In general, the higher the nuclear grade, the more abnormal the nuclei are and the more aggressive the tumor cells tend to be. The nuclear grade is a part of overall tumor grade.",
  "compose": {
    "include": [
      {
        "system": "http://hl7.org/fhir/us/breastcancer/CodeSystem/oncology-NuclearGradeCS",
        "concept": [
          {
            "code": "G1",
            "display": "Grade I - low grade or well differentiated"
          },
          {
            "code": "G2",
            "display": "Grade II - Intermediate/moderate grade or moderately differentiated"
          },
          {
            "code": "G3",
            "display": "Grade III - High grade or pooly differentiated"
          }
        ]
      }
    ]
  }
}