{
  "resourceType": "CodeSystem",
  "id": "cimi-statement-DiagnosticServiceCS",
  "text": {
    "status": "generated",
    "div": "<div xmlns=\"http://www.w3.org/1999/xhtml\">\n<p><b>BC DiagnosticServiceCS CodeSystem</b></p>\n<p>The type of laboratory service used in producing a laboratory result</p>\n</div>"
  },
  "url": "http://hl7.org/fhir/us/breastcancer/CodeSystem/cimi-statement-DiagnosticServiceCS",
  "identifier": {
    "system": "http://hl7.org/fhir/us/breastcancer",
    "value": "cimi.statement.DiagnosticServiceCS"
  },
  "name": "DiagnosticServiceCS",
  "title": "BC DiagnosticServiceCS CodeSystem",
  "status": "draft",
  "publisher": "The HL7 Cancer Interoperability Group sponsored by Clinical Interoperability Council Work Group (CIC)",
  "contact": [
    {
      "telecom": [
        {
          "system": "url",
          "value": "http://standardhealthrecord.org"
        }
      ]
    }
  ],
  "date": "2018-05-02",
  "description": "The type of laboratory service used in producing a laboratory result",
  "caseSensitive": true,
  "content": "complete",
  "count": 12,
  "concept": [
    {
      "code": "microbiology",
      "definition": "Laboratory concerned with cultures, to look for suspected pathogens.",
      "display": "Laboratory concerned with cultures, to look for suspected pathogens."
    },
    {
      "code": "parasitology",
      "definition": "Laboratory responsible for examining samples and specimens for evidence of intestinal parasites such as tapeworms, hookworms, and others.",
      "display": "Laboratory responsible for examining samples and specimens for evidence of intestinal parasites such as tapeworms, hookworms, and others."
    },
    {
      "code": "virology",
      "definition": "Laboratory concerned with identification of viruses in specimens such as blood, urine, and cerebrospinal fluid.",
      "display": "Laboratory concerned with identification of viruses in specimens such as blood, urine, and cerebrospinal fluid."
    },
    {
      "code": "hematology",
      "definition": "Laboratory that works with whole blood to do full blood counts, and blood films as well as many other specialised tests.",
      "display": "Laboratory that works with whole blood to do full blood counts, and blood films as well as many other specialised tests."
    },
    {
      "code": "biochemistry",
      "definition": "Laboratory that usually receives serum or plasma and tests the serum for chemicals present in blood.",
      "display": "Laboratory that usually receives serum or plasma and tests the serum for chemicals present in blood."
    },
    {
      "code": "toxicology",
      "definition": "Laboratory that tests for toxins, pharmaceutical and recreational drugs in the blood. Urine and blood samples are submitted to this lab.",
      "display": "Laboratory that tests for toxins, pharmaceutical and recreational drugs in the blood. Urine and blood samples are submitted to this lab."
    },
    {
      "code": "immunology",
      "definition": "Immunology/Serology laboratory uses the concept of antigen-antibody interaction as a diagnostic tool. Compatibility of transplanted organs is also determined.",
      "display": "Immunology/Serology laboratory uses the concept of antigen-antibody interaction as a diagnostic tool. Compatibility of transplanted organs is also determined."
    },
    {
      "code": "immunohematology",
      "definition": "Laboratory or blood bank that determines blood groups, and performs compatibility testing on donor blood and recipients. It also prepares blood components, derivatives, and products for transfusion.",
      "display": "Laboratory or blood bank that determines blood groups, and performs compatibility testing on donor blood and recipients. It also prepares blood components, derivatives, and products for transfusion."
    },
    {
      "code": "urinalysis",
      "definition": "Laboratory tests urine for many analytes. Some health care providers have a urinalysis laboratory, while others don't.",
      "display": "Laboratory tests urine for many analytes. Some health care providers have a urinalysis laboratory, while others don't."
    },
    {
      "code": "pathology",
      "definition": "Surgical, cytopathology, or histopathology laboratory. Surgical pathology examines organs, limbs, tumors, fetuses, and other tissues biopsied in surgery such as breast mastectomies.",
      "display": "Surgical, cytopathology, or histopathology laboratory. Surgical pathology examines organs, limbs, tumors, fetuses, and other tissues biopsied in surgery such as breast mastectomies."
    },
    {
      "code": "genetics",
      "definition": "Laboratory that mainly performs DNA analysis.",
      "display": "Laboratory that mainly performs DNA analysis."
    },
    {
      "code": "cytogenetics",
      "definition": "Laboratory that uses blood and other cells to get a karyotype. This can be helpful in prenatal diagnosis (e.g. Down's syndrome) as well as in cancer (some cancers have abnormal chromosomes).",
      "display": "Laboratory that uses blood and other cells to get a karyotype. This can be helpful in prenatal diagnosis (e.g. Down's syndrome) as well as in cancer (some cancers have abnormal chromosomes)."
    }
  ]
}