{
  "resourceType": "CodeSystem",
  "id": "oncology-PositiveNegativeCS",
  "text": {
    "status": "generated",
    "div": "<div xmlns=\"http://www.w3.org/1999/xhtml\">\n<p><b>BC PositiveNegativeCS CodeSystem</b></p>\n<p>Value set containing the values positive and negative. Values are from National Library of Medicine Metathesaurus.</p>\n</div>"
  },
  "url": "http://hl7.org/fhir/us/breastcancer/CodeSystem/oncology-PositiveNegativeCS",
  "identifier": {
    "system": "http://hl7.org/fhir/us/breastcancer",
    "value": "oncology.PositiveNegativeCS"
  },
  "name": "PositiveNegativeCS",
  "title": "BC PositiveNegativeCS CodeSystem",
  "status": "draft",
  "publisher": "The HL7 Cancer Interoperability Group sponsored by Clinical Interoperability Council Work Group (CIC)",
  "contact": [
    {
      "telecom": [
        {
          "system": "url",
          "value": "http://standardhealthrecord.org"
        }
      ]
    }
  ],
  "date": "2018-05-02",
  "description": "Value set containing the values positive and negative. Values are from National Library of Medicine Metathesaurus.",
  "caseSensitive": true,
  "content": "complete",
  "count": 2,
  "concept": [
    {
      "code": "C1446409",
      "definition": "Positive",
      "display": "Positive"
    },
    {
      "code": "C0205160",
      "definition": "Negative",
      "display": "Negative"
    }
  ]
}